
 Start         Length     Name                   Class
 0001:00401000 0006F30CH .text                   CODE
 0002:00471000 00000AA4H .itext                  ICODE
 0003:00472000 000039BCH .data                   DATA
 0004:00476000 000012C0H .bss                    BSS
 0005:00000000 00000608H .tls                    TLS
 0006:00400000 00000000H .pdata                  PDATA


Detailed map of segments

 0001:00000000 00000448 C=CODE     S=.text    G=(none)   M=System   ACBP=A9
 0001:00000448 00000C48 C=CODE     S=.text    G=(none)   M=SysInit  ACBP=A9
 0001:00001090 00000008 C=CODE     S=.text    G=(none)   M=System.UITypes ACBP=A9
 0001:00001098 00001468 C=CODE     S=.text    G=(none)   M=Winapi.Windows ACBP=A9
 0001:00002500 000004EC C=CODE     S=.text    G=(none)   M=madTypes ACBP=A9
 0001:000029EC 00003B38 C=CODE     S=.text    G=(none)   M=madStrings ACBP=A9
 0001:00006524 0000177C C=CODE     S=.text    G=(none)   M=madNVPrgrAlert ACBP=A9
 0001:00007CA0 00003CA8 C=CODE     S=.text    G=(none)   M=madTools ACBP=A9
 0001:0000B948 000031A0 C=CODE     S=.text    G=(none)   M=madDisAsm ACBP=A9
 0001:0000EAE8 00004ABC C=CODE     S=.text    G=(none)   M=madZip   ACBP=A9
 0001:000135A4 00000A78 C=CODE     S=.text    G=(none)   M=madCrypt ACBP=A9
 0001:0001401C 00006EE8 C=CODE     S=.text    G=(none)   M=madMapFile ACBP=A9
 0001:0001AF04 0000507C C=CODE     S=.text    G=(none)   M=madStackTrace ACBP=A9
 0001:0001FF80 0000315C C=CODE     S=.text    G=(none)   M=madNVBitmap ACBP=A9
 0001:000230DC 00006FCC C=CODE     S=.text    G=(none)   M=madNVAssistant ACBP=A9
 0001:0002A0A8 00000024 C=CODE     S=.text    G=(none)   M=Winapi.PsAPI ACBP=A9
 0001:0002A0CC 00000008 C=CODE     S=.text    G=(none)   M=System.Character ACBP=A9
 0001:0002A0D4 00000008 C=CODE     S=.text    G=(none)   M=System.Internal.ExcUtils ACBP=A9
 0001:0002A0DC 00000048 C=CODE     S=.text    G=(none)   M=System.SysUtils ACBP=A9
 0001:0002A124 00000008 C=CODE     S=.text    G=(none)   M=System.VarUtils ACBP=A9
 0001:0002A12C 00000008 C=CODE     S=.text    G=(none)   M=System.Variants ACBP=A9
 0001:0002A134 0000000C C=CODE     S=.text    G=(none)   M=Winapi.ActiveX ACBP=A9
 0001:0002A140 00000018 C=CODE     S=.text    G=(none)   M=Winapi.CommCtrl ACBP=A9
 0001:0002A158 00000018 C=CODE     S=.text    G=(none)   M=Winapi.ShellAPI ACBP=A9
 0001:0002A170 00000018 C=CODE     S=.text    G=(none)   M=Winapi.CommDlg ACBP=A9
 0001:0002A188 00000088 C=CODE     S=.text    G=(none)   M=Winapi.WinSock ACBP=A9
 0001:0002A210 00041EFC C=CODE     S=.text    G=(none)   M=madExcept ACBP=A9
 0001:0006C10C 00001044 C=CODE     S=.text    G=(none)   M=madListHardware ACBP=A9
 0001:0006D150 00000D40 C=CODE     S=.text    G=(none)   M=madListProcesses ACBP=A9
 0001:0006DE90 000005A0 C=CODE     S=.text    G=(none)   M=madListModules ACBP=A9
 0001:0006E430 00000008 C=CODE     S=.text    G=(none)   M=System.Math ACBP=A9
 0001:0006E438 00000010 C=CODE     S=.text    G=(none)   M=System.Rtti ACBP=A9
 0001:0006E448 00000008 C=CODE     S=.text    G=(none)   M=System.TypInfo ACBP=A9
 0001:0006E450 00000010 C=CODE     S=.text    G=(none)   M=System.Generics.Defaults ACBP=A9
 0001:0006E460 00000060 C=CODE     S=.text    G=(none)   M=System.Classes ACBP=A9
 0001:0006E4C0 00000008 C=CODE     S=.text    G=(none)   M=System.TimeSpan ACBP=A9
 0001:0006E4C8 00000010 C=CODE     S=.text    G=(none)   M=System.DateUtils ACBP=A9
 0001:0006E4D8 00000008 C=CODE     S=.text    G=(none)   M=System.IOUtils ACBP=A9
 0001:0006E4E0 00000008 C=CODE     S=.text    G=(none)   M=System.IniFiles ACBP=A9
 0001:0006E4E8 00000008 C=CODE     S=.text    G=(none)   M=System.Actions ACBP=A9
 0001:0006E4F0 00000008 C=CODE     S=.text    G=(none)   M=System.Win.Registry ACBP=A9
 0001:0006E4F8 00000008 C=CODE     S=.text    G=(none)   M=System.UIConsts ACBP=A9
 0001:0006E500 00000010 C=CODE     S=.text    G=(none)   M=Vcl.Graphics ACBP=A9
 0001:0006E510 00000008 C=CODE     S=.text    G=(none)   M=System.SyncObjs ACBP=A9
 0001:0006E518 00000008 C=CODE     S=.text    G=(none)   M=Winapi.UxTheme ACBP=A9
 0001:0006E520 00000008 C=CODE     S=.text    G=(none)   M=Vcl.ActnList ACBP=A9
 0001:0006E528 00000008 C=CODE     S=.text    G=(none)   M=System.AnsiStrings ACBP=A9
 0001:0006E530 00000010 C=CODE     S=.text    G=(none)   M=System.Win.ComObj ACBP=A9
 0001:0006E540 00000068 C=CODE     S=.text    G=(none)   M=Winapi.MsCTF ACBP=A9
 0001:0006E5A8 00000008 C=CODE     S=.text    G=(none)   M=Vcl.GraphUtil ACBP=A9
 0001:0006E5B0 00000008 C=CODE     S=.text    G=(none)   M=Vcl.Controls ACBP=A9
 0001:0006E5B8 00000090 C=CODE     S=.text    G=(none)   M=Vcl.StdCtrls ACBP=A9
 0001:0006E648 00000008 C=CODE     S=.text    G=(none)   M=Vcl.Printers ACBP=A9
 0001:0006E650 00000008 C=CODE     S=.text    G=(none)   M=Vcl.Clipbrd ACBP=A9
 0001:0006E658 000000C8 C=CODE     S=.text    G=(none)   M=Vcl.ComCtrls ACBP=A9
 0001:0006E720 00000008 C=CODE     S=.text    G=(none)   M=System.HelpIntfs ACBP=A9
 0001:0006E728 00000008 C=CODE     S=.text    G=(none)   M=Vcl.Dialogs ACBP=A9
 0001:0006E730 00000028 C=CODE     S=.text    G=(none)   M=Vcl.ExtCtrls ACBP=A9
 0001:0006E758 00000010 C=CODE     S=.text    G=(none)   M=Vcl.Themes ACBP=A9
 0001:0006E768 00000008 C=CODE     S=.text    G=(none)   M=Vcl.Menus ACBP=A9
 0001:0006E770 00000008 C=CODE     S=.text    G=(none)   M=Winapi.FlatSB ACBP=A9
 0001:0006E778 00000030 C=CODE     S=.text    G=(none)   M=Vcl.Forms ACBP=A9
 0001:0006E7A8 00000B64 C=CODE     S=.text    G=(none)   M=AtendSai ACBP=A9
 0002:00000000 00000008 C=ICODE    S=.itext   G=(none)   M=System   ACBP=A9
 0002:00000008 00000008 C=ICODE    S=.itext   G=(none)   M=SysInit  ACBP=A9
 0002:00000010 00000008 C=ICODE    S=.itext   G=(none)   M=System.UITypes ACBP=A9
 0002:00000018 00000018 C=ICODE    S=.itext   G=(none)   M=Winapi.Windows ACBP=A9
 0002:00000030 00000008 C=ICODE    S=.itext   G=(none)   M=madStrings ACBP=A9
 0002:00000038 00000030 C=ICODE    S=.itext   G=(none)   M=madTools ACBP=A9
 0002:00000068 00000008 C=ICODE    S=.itext   G=(none)   M=madDisAsm ACBP=A9
 0002:00000070 00000048 C=ICODE    S=.itext   G=(none)   M=madMapFile ACBP=A9
 0002:000000B8 0000003C C=ICODE    S=.itext   G=(none)   M=madStackTrace ACBP=A9
 0002:000000F4 00000008 C=ICODE    S=.itext   G=(none)   M=Winapi.PsAPI ACBP=A9
 0002:000000FC 00000008 C=ICODE    S=.itext   G=(none)   M=System.Character ACBP=A9
 0002:00000104 00000008 C=ICODE    S=.itext   G=(none)   M=System.Internal.ExcUtils ACBP=A9
 0002:0000010C 00000028 C=ICODE    S=.itext   G=(none)   M=System.SysUtils ACBP=A9
 0002:00000134 00000008 C=ICODE    S=.itext   G=(none)   M=System.VarUtils ACBP=A9
 0002:0000013C 00000008 C=ICODE    S=.itext   G=(none)   M=System.Variants ACBP=A9
 0002:00000144 000000E4 C=ICODE    S=.itext   G=(none)   M=madExcept ACBP=A9
 0002:00000228 00000084 C=ICODE    S=.itext   G=(none)   M=madListHardware ACBP=A9
 0002:000002AC 00000080 C=ICODE    S=.itext   G=(none)   M=madListProcesses ACBP=A9
 0002:0000032C 00000078 C=ICODE    S=.itext   G=(none)   M=madListModules ACBP=A9
 0002:000003A4 00000008 C=ICODE    S=.itext   G=(none)   M=System.Math ACBP=A9
 0002:000003AC 00000010 C=ICODE    S=.itext   G=(none)   M=System.Rtti ACBP=A9
 0002:000003BC 00000008 C=ICODE    S=.itext   G=(none)   M=System.TypInfo ACBP=A9
 0002:000003C4 00000010 C=ICODE    S=.itext   G=(none)   M=System.Generics.Defaults ACBP=A9
 0002:000003D4 00000038 C=ICODE    S=.itext   G=(none)   M=System.Classes ACBP=A9
 0002:0000040C 00000008 C=ICODE    S=.itext   G=(none)   M=System.TimeSpan ACBP=A9
 0002:00000414 00000010 C=ICODE    S=.itext   G=(none)   M=System.DateUtils ACBP=A9
 0002:00000424 00000008 C=ICODE    S=.itext   G=(none)   M=System.IOUtils ACBP=A9
 0002:0000042C 00000008 C=ICODE    S=.itext   G=(none)   M=System.Actions ACBP=A9
 0002:00000434 00000008 C=ICODE    S=.itext   G=(none)   M=System.Win.Registry ACBP=A9
 0002:0000043C 00000008 C=ICODE    S=.itext   G=(none)   M=System.UIConsts ACBP=A9
 0002:00000444 00000010 C=ICODE    S=.itext   G=(none)   M=Vcl.Graphics ACBP=A9
 0002:00000454 00000008 C=ICODE    S=.itext   G=(none)   M=System.SyncObjs ACBP=A9
 0002:0000045C 00000008 C=ICODE    S=.itext   G=(none)   M=Winapi.UxTheme ACBP=A9
 0002:00000464 00000008 C=ICODE    S=.itext   G=(none)   M=Vcl.ActnList ACBP=A9
 0002:0000046C 00000008 C=ICODE    S=.itext   G=(none)   M=System.AnsiStrings ACBP=A9
 0002:00000474 00000010 C=ICODE    S=.itext   G=(none)   M=System.Win.ComObj ACBP=A9
 0002:00000484 00000010 C=ICODE    S=.itext   G=(none)   M=Winapi.MsCTF ACBP=A9
 0002:00000494 00000008 C=ICODE    S=.itext   G=(none)   M=Vcl.GraphUtil ACBP=A9
 0002:0000049C 00000008 C=ICODE    S=.itext   G=(none)   M=Vcl.Controls ACBP=A9
 0002:000004A4 00000090 C=ICODE    S=.itext   G=(none)   M=Vcl.StdCtrls ACBP=A9
 0002:00000534 00000008 C=ICODE    S=.itext   G=(none)   M=Vcl.Printers ACBP=A9
 0002:0000053C 00000008 C=ICODE    S=.itext   G=(none)   M=Vcl.Clipbrd ACBP=A9
 0002:00000544 000000C8 C=ICODE    S=.itext   G=(none)   M=Vcl.ComCtrls ACBP=A9
 0002:0000060C 00000008 C=ICODE    S=.itext   G=(none)   M=System.HelpIntfs ACBP=A9
 0002:00000614 00000008 C=ICODE    S=.itext   G=(none)   M=Vcl.Dialogs ACBP=A9
 0002:0000061C 00000028 C=ICODE    S=.itext   G=(none)   M=Vcl.ExtCtrls ACBP=A9
 0002:00000644 00000010 C=ICODE    S=.itext   G=(none)   M=Vcl.Themes ACBP=A9
 0002:00000654 00000008 C=ICODE    S=.itext   G=(none)   M=Vcl.Menus ACBP=A9
 0002:0000065C 00000008 C=ICODE    S=.itext   G=(none)   M=Winapi.FlatSB ACBP=A9
 0002:00000664 00000020 C=ICODE    S=.itext   G=(none)   M=Vcl.Forms ACBP=A9
 0002:00000684 00000420 C=ICODE    S=.itext   G=(none)   M=AtendSai ACBP=A9
 0003:00000000 00000078 C=DATA     S=.data    G=DGROUP   M=SysInit  ACBP=A9
 0003:00000078 0000000C C=DATA     S=.data    G=DGROUP   M=Winapi.Windows ACBP=A9
 0003:00000084 000002DC C=DATA     S=.data    G=DGROUP   M=madStrings ACBP=A9
 0003:00000360 0000009C C=DATA     S=.data    G=DGROUP   M=madTools ACBP=A9
 0003:000003FC 000007BC C=DATA     S=.data    G=DGROUP   M=madDisAsm ACBP=A9
 0003:00000BB8 000010C4 C=DATA     S=.data    G=DGROUP   M=madZip   ACBP=A9
 0003:00001C7C 0000108C C=DATA     S=.data    G=DGROUP   M=madCrypt ACBP=A9
 0003:00002D08 00000020 C=DATA     S=.data    G=DGROUP   M=madMapFile ACBP=A9
 0003:00002D28 00000004 C=DATA     S=.data    G=DGROUP   M=madStackTrace ACBP=A9
 0003:00002D2C 00000010 C=DATA     S=.data    G=DGROUP   M=madNVAssistant ACBP=A9
 0003:00002D3C 00000B20 C=DATA     S=.data    G=DGROUP   M=madExcept ACBP=A9
 0003:0000385C 00000018 C=DATA     S=.data    G=DGROUP   M=madListProcesses ACBP=A9
 0003:00003874 00000004 C=DATA     S=.data    G=DGROUP   M=Winapi.MsCTF ACBP=A9
 0004:00000000 00000020 C=BSS      S=.bss     G=DGROUP   M=SysInit  ACBP=A9
 0004:00000020 00000008 C=BSS      S=.bss     G=DGROUP   M=Winapi.Windows ACBP=A9
 0004:00000028 00000004 C=BSS      S=.bss     G=DGROUP   M=madTypes ACBP=A9
 0004:0000002C 0000000C C=BSS      S=.bss     G=DGROUP   M=madStrings ACBP=A9
 0004:00000038 00000028 C=BSS      S=.bss     G=DGROUP   M=madTools ACBP=A9
 0004:00000060 00000004 C=BSS      S=.bss     G=DGROUP   M=madDisAsm ACBP=A9
 0004:00000064 00001110 C=BSS      S=.bss     G=DGROUP   M=madZip   ACBP=A9
 0004:00001174 00000008 C=BSS      S=.bss     G=DGROUP   M=madMapFile ACBP=A9
 0004:0000117C 0000002C C=BSS      S=.bss     G=DGROUP   M=madStackTrace ACBP=A9
 0004:000011A8 00000008 C=BSS      S=.bss     G=DGROUP   M=Winapi.PsAPI ACBP=A9
 0004:000011B0 000000E0 C=BSS      S=.bss     G=DGROUP   M=madExcept ACBP=A9
 0004:00001290 00000004 C=BSS      S=.bss     G=DGROUP   M=madListHardware ACBP=A9
 0004:00001294 00000004 C=BSS      S=.bss     G=DGROUP   M=madListProcesses ACBP=A9
 0004:00001298 00000004 C=BSS      S=.bss     G=DGROUP   M=madListModules ACBP=A9
 0004:0000129C 00000004 C=BSS      S=.bss     G=DGROUP   M=Winapi.MsCTF ACBP=A9
 0004:000012A0 00000020 C=BSS      S=.bss     G=DGROUP   M=AtendSai ACBP=A9
 0005:00000000 00000608 C=TLS      S=.tls     G=(none)   M=madExcept ACBP=A9


  Address             Publics by Name

 0004:000012B8       AtendSai.arquini
 0002:00000684       AtendSai.AtendSai
 0001:0006E7A8       AtendSai.DoUnloadPackage
 0001:0006E8FC       AtendSai.Finalization
 0001:0006E880       AtendSai.LoadMainForm
 0004:000012B0       AtendSai.Pack
 0001:0006E85C       AtendSai.SetMainForm
 0004:000012AC       AtendSai.vlForm
 0004:000012A0       AtendSai.vlPathBPL
 0004:000012A8       AtendSai.vlPathDLL
 0004:000012A4       AtendSai.vlPathModulos
 0004:000012B4       AtendSai.vlVerificaAtualizacao
 0004:000012BC       AtendSai.vlVersao
 0003:00002CC8       madCrypt.b64
 0003:00001C80       madCrypt.CPArr
 0001:000135D0       madCrypt.crypt2dwords
 0001:00013A98       madCrypt.cryptBuf
 0003:00001CC8       madCrypt.CSArr
 0001:00013EAC       madCrypt.Decode
 0001:00014000       madCrypt.Decode
 0003:00001C7C       madCrypt.DecodeA
 0001:00013C54       madCrypt.Decrypt
 0001:00013E90       madCrypt.Encode
 0001:00013D58       madCrypt.Encode
 0001:00013D2C       madCrypt.OldDecrypt
 0001:00013D00       madCrypt.OldEncrypt
 0001:00013990       madCrypt.SetPassword
 0001:000135A4       madCrypt.SwapDword
 0004:00000060       madDisAsm..1
 0001:0000D2C0       madDisAsm.AddCodeArea
 0001:0000D464       madDisAsm.AddSpecialBlock
 0003:00000408       madDisAsm.BcbInitExceptBlockLDTC
 0001:0000DEEC       madDisAsm.CalcCodeBegin
 0003:00000B70       madDisAsm.CEmptyFunctionInfo
 0003:000003FC       madDisAsm.CErrorStr_InvalidCode
 0001:0000D528       madDisAsm.CheckAddTarget
 0001:0000BE40       madDisAsm.CheckPrefix
 0001:0000CAF0       madDisAsm.CheckRegState
 0001:0000C840       madDisAsm.CheckTarget
 0001:0000E890       madDisAsm.CheckTryRead
 0003:0000040C       madDisAsm.CKernel32
 0003:00000410       madDisAsm.CKernelbase
 0003:0000041C       madDisAsm.COpcodeFlags
 0003:0000061C       madDisAsm.COpcodeFlags0f
 0003:0000081C       madDisAsm.COpcodeFlagsEx
 0003:00000970       madDisAsm.COpcodeLabelIndex
 0003:00000A70       madDisAsm.COpcodeLabelIndex0f
 0003:00000414       madDisAsm.CReadProcessMemory
 0003:00000418       madDisAsm.CWriteProcessMemory
 0001:0000E858       madDisAsm.EndTryRead
 0003:00000BB6       madDisAsm.FastPageExecute
 0001:0000EA80       madDisAsm.Finalization
 0001:0000DF84       madDisAsm.FindCodeArea
 0003:00000BB0       madDisAsm.FMagic
 0003:00000BB4       madDisAsm.FMagic95
 0003:00000BB5       madDisAsm.FMagicReady
 0001:0000E5EC       madDisAsm.Fs
 0001:0000BE38       madDisAsm.GetHalt0Addr
 0001:0000BE18       madDisAsm.GetHandleAnyExceptionAddr
 0001:0000BE28       madDisAsm.GetHandleAutoExceptionAddr
 0001:0000BE30       madDisAsm.GetHandleFinallyAddr
 0001:0000BE20       madDisAsm.GetHandleOnExceptionAddr
 0003:00000404       madDisAsm.GetLineNumber
 0003:00000400       madDisAsm.GetProcNameFromMapFile
 0001:0000C338       madDisAsm.IsValidOpcode
 0002:00000068       madDisAsm.madDisAsm
 0001:0000E5F0       madDisAsm.Magic
 0001:0000E6B8       madDisAsm.Magic95
 0001:0000CFDC       madDisAsm.ParseCode
 0001:0000D208       madDisAsm.ParseCode
 0001:0000D28C       madDisAsm.ParseCode
 0001:0000DA9C       madDisAsm.ParseCodeArea
 0001:0000D2A4       madDisAsm.ParseCode_
 0001:0000E5CC       madDisAsm.ParseFunction
 0001:0000DFD0       madDisAsm.ParseFunction_
 0001:0000C254       madDisAsm.ParseImmediateData
 0001:0000BF5C       madDisAsm.ParseModRm
 0001:0000E758       madDisAsm.StartTryRead
 0001:0000E95C       madDisAsm.TryRead
 0004:000011B4       madExcept..3
 0001:0005DD7C       madExcept..EExternal
 0001:0005DE34       madExcept..EExternalException
 0001:00053790       madExcept..TExceptionBox
 0001:00036F20       madExcept..TIMEAttachments
 0001:00038E44       madExcept..TIMEException
 0001:0003755C       madExcept..TIMEFields
 0001:00032240       madExcept..TIMESettings
 0001:00044E10       madExcept..TSmtp
 0001:00047CB8       madExcept..TWinHttp
 0004:000011C0       madExcept.ActionHandlers
 0004:000011C4       madExcept.ActionHandlersOO
 0003:00002D4C       madExcept.AddCmdLineToBugRep
 0001:00058038       madExcept.AddColumnStr
 0001:0004C26C       madExcept.AddFields
 0001:00050918       madExcept.AddHeaderInfo
 0001:0005FD98       madExcept.AddItem
 0001:00063048       madExcept.AddItem
 0001:00030494       madExcept.AddMEProperty
 0001:0005F488       madExcept.AddPatch
 0001:000697E4       madExcept.AddPtr
 0001:0005DC64       madExcept.AllocOutOfMemoryInsurance
 0003:00002DC0       madExcept.AmHttpServer
 0003:00002E51       madExcept.AmInMeInit
 0003:00002E52       madExcept.AmInModuleFinal
 0003:00003688       madExcept.AmInTraceProcess
 0003:00002E50       madExcept.AmMeBpl
 0001:00042974       madExcept.AmOnline
 0003:00003694       madExcept.AmSyncingHandlers
 0001:00057A40       madExcept.AnalyzePiece
 0001:000494D8       madExcept.AnsiToGlobalUnicode
 0003:000036B4       madExcept.AntiFreezeCnt
 0003:000036B0       madExcept.AntiFreezeMsg
 0003:000036B8       madExcept.AntiFreezePause
 0003:000036BC       madExcept.AntiFreezePauseEvent
 0003:000036C0       madExcept.AntiFreezeStopEvent
 0003:000036A8       madExcept.AntiFreezeTh
 0001:0003BB10       madExcept.AntiFreezeThread
 0003:000036A4       madExcept.AntiFreezeTid
 0003:000036C4       madExcept.AntiFreezeTls
 0003:000036AC       madExcept.AntiFreezeWnd
 0003:000037DC       madExcept.Armadillo
 0003:00002E38       madExcept.BcbCallTerminate
 0003:00002E28       madExcept.BcbExceptionHandler
 0003:00002EF4       madExcept.BcbExceptTlsOffset
 0001:0002E970       madExcept.BcbGetExceptionObjectCallback
 0004:000011D8       madExcept.BcbGetExceptionObjectNext
 0003:00002EF8       madExcept.BcbGetTls
 0001:0002EA78       madExcept.BcbInitCatchArgPascalCallback
 0004:000011E0       madExcept.BcbInitCatchArgPascalNext
 0003:00002E30       madExcept.BcbInitExceptBlockLDTC
 0001:0002E890       madExcept.BcbMallocCallback
 0004:000011D4       madExcept.BcbMallocNext
 0003:00002E34       madExcept.BcbOrgMalloc
 0003:00002E3C       madExcept.BcbPTerminate
 0001:0002E9F0       madExcept.BcbRaiseExceptionCallback
 0004:000011DC       madExcept.BcbRaiseExceptionNext
 0001:0002EB3C       madExcept.BcbTerminateCallback
 0003:00002E2C       madExcept.BcbThrowExceptionLDTC
 0003:00002E40       madExcept.BcbVclClearEH
 0003:000037E0       madExcept.BeginThread_Begin
 0003:000037E4       madExcept.BeginThread_End
 0003:00002DC4       madExcept.BugReportHtml
 0003:000037A9       madExcept.CAdminSia
 0001:0006987C       madExcept.CalcCheckSum
 0001:0002ACAC       madExcept.CalibrateCode
 0003:00002DBC       madExcept.CalibrateData
 0003:00003828       madExcept.CalibrateLeakCheckingProc
 0001:00069CD4       madExcept.CalibrateModule
 0001:00069E84       madExcept.CalibrateModules
 0001:00067A10       madExcept.CallThreadProcSafe
 0003:00002EF0       madExcept.CBcbXorCheck
 0003:00003734       madExcept.CBoundary
 0003:0000367C       madExcept.CDfmHeader
 0003:00003712       madExcept.CEncodeMailto
 0003:000036F2       madExcept.CEncodeSmtp
 0003:00002E80       madExcept.CEveryoneSia
 0003:00002E0C       madExcept.CGIApp_TCGIApplication_CGIHandleException
 0001:0002DB18       madExcept.CheckAutoBtn
 0001:0005CF84       madExcept.CheckAutoSave
 0001:0005D228       madExcept.CheckAutoStuff
 0001:00054384       madExcept.CheckColDec
 0001:0003BE98       madExcept.CheckEMailAddress
 0001:0002F870       madExcept.CheckExceptAddr
 0001:0002F670       madExcept.CheckExceptParams
 0001:000698D8       madExcept.CheckFileCrc
 0001:000657B0       madExcept.CheckFilters
 0001:0005500C       madExcept.CheckNcLabel
 0001:000696C4       madExcept.CheckRestart
 0001:0004A144       madExcept.ChooseAuthScheme
 0003:00002E08       madExcept.Classes_CheckSynchronize
 0001:0004AF5C       madExcept.ClearEmail
 0001:0002F62C       madExcept.ClearLastException
 0003:00003838       madExcept.ClearLeaksProc
 0001:0002BB00       madExcept.ClearTempPath
 0001:0006BDC8       madExcept.Close
 0001:0003BD40       madExcept.CloseAntiFreeze
 0003:00002D50       madExcept.CloseAppExitCode
 0001:00053660       madExcept.CloseApplication
 0001:00044640       madExcept.CloseAttachFiles
 0001:0006860C       madExcept.CloseCreateThreadHook
 0001:0003B5F0       madExcept.CloseFireHandlers
 0001:0005DB24       madExcept.CloseHandleExceptionThread
 0001:00068878       madExcept.CloseMessageHooks
 0003:00002D3C       madExcept.CMadExceptVersionString
 0003:00002EFC       madExcept.CMEProperties
 0003:00003738       madExcept.CMonths
 0003:00002E68       madExcept.CNtObjAttr
 0001:00057FDC       madExcept.ColumnExists
 0001:00050A7C       madExcept.CompareHeaderInfo
 0001:0005E3E0       madExcept.CompletePhaseHandlerExists
 0001:0002BD80       madExcept.CompName
 0001:0003B0A0       madExcept.ContainsSyncHandler
 0003:00002DCE       madExcept.CrashOnOverrun
 0001:00066F20       madExcept.CreateAVStr
 0001:0005A0EC       madExcept.CreateButton
 0001:00058B48       madExcept.CreateListView
 0004:00001284       madExcept.CreateRemoteThreadExNext
 0003:000037FC       madExcept.CreateRemoteThreadHookAbsPos
 0003:00003800       madExcept.CreateRemoteThreadHookAbsRestore
 0003:000037F4       madExcept.CreateRemoteThreadHookRelPos
 0003:000037F8       madExcept.CreateRemoteThreadHookRelRestore
 0004:00001280       madExcept.CreateRemoteThreadNext
 0001:00059FE4       madExcept.CreateWindow_
 0001:0005B778       madExcept.CreateWindow_
 0003:00003768       madExcept.CRes
 0003:00002E8C       madExcept.CsVersion
 0003:00002E86       madExcept.CSystemSia
 0003:00002D84       madExcept.CustomizeSimpleMsgBox
 0001:00057888       madExcept.CutInPieces
 0003:000036CC       madExcept.CValidChars
 0001:000543D8       madExcept.DecCol
 0001:00047B9C       madExcept.DecryptPassword
 0001:0005BCF0       madExcept.DefaultBugReportHtml
 0001:00055084       madExcept.DefWindowProcX
 0003:00003858       madExcept.DelphiAlignment
 0003:00002DCD       madExcept.DelphiDebugMm
 0001:00030DD4       madExcept.DereferenceMeSettingsBuf
 0001:00031388       madExcept.DereferenceMeSettingsModule
 0003:00002D4D       madExcept.DetectConsole
 0003:00002DC8       madExcept.DisAsmFunc
 0001:0005D0A0       madExcept.DoExceptionAutoStuff
 0001:0003B1AC       madExcept.DoFireHandlers
 0003:00002D97       madExcept.DontAddDots
 0003:00002DB8       madExcept.DontBase64HttpUpload
 0003:00002D95       madExcept.DontPrettifyExceptMsg
 0003:00002D6C       madExcept.DontReformatExcMsg
 0001:000547D4       madExcept.DrawLine
 0001:00054EEC       madExcept.DrawLineEx
 0003:00002D55       madExcept.DumbStackTrace
 0001:00066A5C       madExcept.Ebp
 0001:0005DF14       madExcept.EExternalException.Create
 0003:00002D9C       madExcept.EnableRedirection
 0001:00043044       madExcept.EncodeStr
 0001:00030AE4       madExcept.EnterSettingsMutex
 0001:00066A54       madExcept.Esp
 0003:00003818       madExcept.ExceptDllInitDone
 0004:000011B8       madExcept.ExceptHandlers
 0004:000011BC       madExcept.ExceptHandlersOO
 0003:00002DB4       madExcept.ExceptionBoxHeight
 0003:00002DB0       madExcept.ExceptionBoxWidth
 0003:000037B8       madExcept.exceptionNumber
 0001:0002DEE4       madExcept.ExpandVars
 0001:00050580       madExcept.ExtractBugReportHeaderField
 0001:000506B8       madExcept.ExtractBugReportSection
 0001:0004E924       madExcept.ExtractProjects
 0001:0004A664       madExcept.ExtractResult
 0001:0004A710       madExcept.ExtractXml2
 0001:0002E810       madExcept.FillClipboard
 0001:0004CA58       madExcept.FillDoubleLists
 0001:0004CC1C       madExcept.FillList
 0001:0004E4D8       madExcept.FillMultiLists
 0001:00030F1C       madExcept.FillProps
 0001:0006BF68       madExcept.Finalization
 0001:00066E0C       madExcept.FinalizeUnitsCrash
 0001:00069F74       madExcept.FindActiveErrorSearchBpls
 0001:00069B48       madExcept.FindBpl
 0001:000656E4       madExcept.FindClass
 0001:000569A8       madExcept.FindColumns
 0001:000568B8       madExcept.FindLines
 0001:000309A0       madExcept.FindMEProperty
 0001:00040A84       madExcept.FindMeSettings
 0001:0003A774       madExcept.FireHandlers
 0003:00003690       madExcept.FireHandlersMsg
 0003:0000368C       madExcept.FireHandlersWnd
 0003:00002DE0       madExcept.FMX_TApplication_HandleException
 0003:00002DE4       madExcept.FMX_TApplication_ShowException
 0003:00002D8C       madExcept.FollowRedirect
 0001:000507C4       madExcept.ForceDir
 0003:00002D6A       madExcept.ForceUtf8
 0001:0002E794       madExcept.FormatExceptMessage
 0001:00041DF0       madExcept.FormatMailAddr
 0003:00002DD0       madExcept.Forms_TApplication_HandleException
 0003:00002DD4       madExcept.Forms_TApplication_ShowException
 0001:00043038       madExcept.FourBitToHex
 0001:0002F5F0       madExcept.FreeInnerException
 0001:0005DCF0       madExcept.FreeOutOfMemoryInsurance
 0001:0005F73C       madExcept.FreePatches
 0001:00031328       madExcept.FreeProps
 0003:000036C8       madExcept.FreezeTimeout
 0001:0005F0FC       madExcept.Get9xResourceReport
 0001:0005F3AC       madExcept.GetAllocatedMemory
 0003:0000381C       madExcept.GetApiVersionProc
 0001:0002F4B4       madExcept.GetBcbExceptInfo
 0001:000688E4       madExcept.GetBugReport
 0001:00062424       madExcept.GetCleartextDisAsm
 0001:00054FF0       madExcept.GetClientCursorPos
 0001:0005EE34       madExcept.GetCpuCount
 0001:0005ED30       madExcept.GetCpuName
 0001:00061D60       madExcept.GetCpuRegisters
 0001:000469E0       madExcept.GetDateTimeStr
 0001:0005FC04       madExcept.GetDiskStr
 0001:0005F1C8       madExcept.GetDisplayModeString
 0001:0004362C       madExcept.GetDnsIps
 0001:000656CC       madExcept.GetExceptBoxHandle
 0001:000655F4       madExcept.GetExceptBoxHandle_EnumWindowsProc
 0001:0002E57C       madExcept.GetExceptClass_
 0001:0002E614       madExcept.GetExceptMessage_
 0001:0003C49C       madExcept.GetFileTime
 0001:0002EBBC       madExcept.GetHandleAnyExceptionAddr
 0001:00043A4C       madExcept.GetLabel
 0001:0005F3D0       madExcept.GetLargestFreeBlock
 0003:00003834       madExcept.GetLeakCallstackProc
 0003:00003830       madExcept.GetLeakReportProc
 0001:0005EF68       madExcept.GetMemoryStatus
 0001:00030478       madExcept.GetMeSettingsRes
 0001:000686D0       madExcept.GetMessageCallbackA
 0001:0006871C       madExcept.GetMessageCallbackW
 0001:00046B18       madExcept.GetMessageId
 0001:0004466C       madExcept.GetMimeType
 0001:0002C588       madExcept.GetModuleList
 0001:0005EAF4       madExcept.GetOsLanguageString
 0001:0005EA3C       madExcept.GetOsVersionString
 0001:0005F2E8       madExcept.GetProcessMemInfo
 0001:0002C2A8       madExcept.GetProcessSid
 0001:0005EC1C       madExcept.GetProgramUpTime
 0001:00030E64       madExcept.GetPropStr
 0001:0003C560       madExcept.GetScreenShotFile
 0001:0002C264       madExcept.GetSeconds
 0001:00043B74       madExcept.GetServers
 0001:0002DBA8       madExcept.GetSpecialFolderW
 0001:00062150       madExcept.GetStackDump
 0001:0005EBC4       madExcept.GetSystemUpTime
 0001:00058AFC       madExcept.GetTabClientRect
 0001:0002D414       madExcept.GetTebIndex
 0001:0002B850       madExcept.GetTempPath
 0001:00062E6C       madExcept.GetThreadInfos
 0001:0002CFE4       madExcept.GetThreadInfoStr
 0001:0002B098       madExcept.GetThreadList
 0001:000619B8       madExcept.GetThreadReport
 0001:000630EC       madExcept.GetThreadStack
 0001:0003BB08       madExcept.GetTlsPointer
 0001:0005E688       madExcept.GetTSClientName
 0001:000428D8       madExcept.GoOnline
 0001:0003BFE0       madExcept.HandleContactForm
 0001:00067BB0       madExcept.HandleCreateThreadHook
 0001:0005DF50       madExcept.HandleException
 0003:0000378C       madExcept.HandleExceptionClose
 0001:000697C8       madExcept.HandleExceptionHelper
 0003:00003798       madExcept.HandleExceptionRP
 0003:000037A0       madExcept.HandleExceptionRPEv
 0003:00003794       madExcept.HandleExceptionTh
 0001:0005D8D4       madExcept.HandleExceptionThread
 0003:00003790       madExcept.HandleExceptionTid
 0003:000037A4       madExcept.HandleExceptionTls
 0003:0000379C       madExcept.HandleExceptionWP
 0001:000675A4       madExcept.HandleHiddenException
 0003:00002DBA       madExcept.HandleMessagesInMainThread
 0003:00002E58       madExcept.HandlerSection
 0001:0003C5F0       madExcept.HandleScreenshotForm
 0003:00002D6B       madExcept.HiddenAutoMailing
 0004:000011C8       madExcept.HiddenHandlers
 0004:000011CC       madExcept.HiddenHandlersOO
 0003:00003848       madExcept.HideInitLeaksProc
 0001:0006963C       madExcept.HideLeak
 0001:0006965C       madExcept.HideLeak
 0004:0000128C       madExcept.HideLeakCallstackProc
 0003:00003844       madExcept.HideLeakObjProc
 0003:00003840       madExcept.HideLeakPtrProc
 0003:00002E44       madExcept.HInstance
 0001:0002EBD0       madExcept.HookBcbExceptions
 0001:00067FF4       madExcept.HookedCreateRemoteThread
 0001:000680A4       madExcept.HookedCreateRemoteThreadEx
 0001:00067F48       madExcept.HookedCreateThread
 0001:00068200       madExcept.HookedQueueUserWorkItem
 0001:00067B0C       madExcept.HookedTThreadExecute
 0001:00065D70       madExcept.HookExceptionGetStackTrace
 0001:00065D14       madExcept.HookExceptionRaisingException
 0001:0002EB18       madExcept.HookHandleAnyException
 0003:00002E14       madExcept.HttpExtensionProcNext
 0003:00002DB9       madExcept.HttpUploadCleanEmail
 0001:00068CC8       madExcept.HyperJumpCallstack
 0001:00068BD0       madExcept.HyperJumpCallstack_EnumWindowProc
 0005:000005FC       madExcept.IgnoreException
 0003:00002D68       madExcept.IgnoreSmtpCert
 0001:0006A188       madExcept.Init
 0001:0003BC64       madExcept.InitAntiFreeze
 0003:00002E53       madExcept.InitCrash
 0001:000683B0       madExcept.InitCreateThreadHook
 0001:00068E18       madExcept.InitExceptDll
 0001:0003B5D0       madExcept.InitFireHandlers
 0001:0005DA44       madExcept.InitHandleExceptionThread
 0001:0002ACB0       madExcept.InitHInstance
 0001:00068768       madExcept.InitMessageHooks
 0001:0002C328       madExcept.InitSecAttr
 0001:00066DFC       madExcept.InitUnitsCrash
 0001:0002D4D8       madExcept.InRangeOrZero
 0001:00066AB4       madExcept.InterceptAHandleExcept
 0001:00066A8C       madExcept.InterceptAShowExcept
 0001:00066AF8       madExcept.InterceptCGIHandleException
 0001:000677E0       madExcept.InterceptClassDestroy
 0001:00067490       madExcept.InterceptExceptionHandler
 0001:00066E14       madExcept.InterceptExceptProc
 0001:00066D98       madExcept.InterceptFinalizeUnits
 0001:000677D0       madExcept.InterceptFreeExceptObject
 0001:00066DF4       madExcept.InterceptHalt0FinalizeUnits
 0001:000674F4       madExcept.InterceptHandleAutoException
 0001:00066720       madExcept.InterceptHttpExtensionProc
 0001:00066D10       madExcept.InterceptInitializePackage
 0001:00066B20       madExcept.InterceptISAPIHandleException
 0001:00066464       madExcept.InterceptServerSupportFunction
 0001:00066A60       madExcept.InterceptSShowExcept
 0001:00066BD0       madExcept.InterceptSynchronize
 0001:00066C2C       madExcept.InterceptWriteErrorMessage
 0001:0004E5CC       madExcept.InternalExtractProjects
 0001:0002C760       madExcept.InvalidImportTable
 0003:000037D8       madExcept.IRCount
 0004:0000127C       madExcept.IRList
 0003:000037D4       madExcept.IRSection
 0003:00002E10       madExcept.ISAPIApp_TISAPIApplication_ISAPIHandleException
 0005:00000600       madExcept.isapiBugReport
 0005:00000604       madExcept.isapiExceptAddr
 0001:0002DA24       madExcept.IsClass
 0001:0002F78C       madExcept.IsCorrectExceptAddr
 0001:0003B600       madExcept.IsDelphiThread
 0001:0002D3C8       madExcept.IsNewCs
 0001:0002D448       madExcept.IsProcessBlocked
 0001:000465EC       madExcept.IsReplyComplete
 0001:0002D420       madExcept.IsSectionLocked
 0001:00062E3C       madExcept.IsThreadSuspended
 0001:0002CA30       madExcept.IsTrueUnicodeString
 0001:0005E5C4       madExcept.IsUserAdmin
 0001:0002DA84       madExcept.IsValidException
 0001:0002D9C8       madExcept.IsValidObject
 0001:0002D4EC       madExcept.IsValidObject2
 0001:0002D914       madExcept.IsValidObjectEx
 0001:0002B64C       madExcept.KillExt
 0003:00002EA0       madExcept.Last10Exceptions
 0005:0000000C       madExcept.LastContext
 0005:00000330       madExcept.LastContext2
 0005:00000008       madExcept.LastExceptAddr
 0005:0000032C       madExcept.LastExceptAddr2
 0005:000002D8       madExcept.LastExceptionRecord
 0005:00000004       madExcept.LastExceptObject
 0005:00000328       madExcept.LastExceptObject2
 0003:00002DA0       madExcept.LastHttpErrorNo
 0003:00002DA4       madExcept.LastHttpErrorStr
 0003:00002DA8       madExcept.LastHttpPostReply
 0005:00000000       madExcept.LastInner
 0003:00002D98       madExcept.LastMantisIssueId
 0003:00002D90       madExcept.LastRedirectURL
 0001:00030B9C       madExcept.LeaveSettingsMutex
 0001:00066D70       madExcept.Log1
 0002:00000144       madExcept.madExcept
 0003:00002E5C       madExcept.madExceptBuf
 0003:000037B0       madExcept.MadExceptPause
 0001:00068980       madExcept.madTraceProcess
 0001:00041D94       madExcept.MailAddrCount
 0001:00047754       madExcept.MailIt
 0003:0000369C       madExcept.MainThreadSE
 0001:000671A4       madExcept.MapToRunError
 0001:00040CF8       madExcept.MESettings
 0001:00040E34       madExcept.MESettings
 0001:00040C24       madExcept.MESettings
 0003:00003680       madExcept.meSettingsBuf
 0001:0002B598       madExcept.ModuleName
 0001:00044010       madExcept.MxLookup
 0001:000660B0       madExcept.MyExceptObjProc
 0001:0006614C       madExcept.MyExceptObjProc1
 0001:00066154       madExcept.MyExceptObjProc2
 0001:00066228       madExcept.MyRaiseExceptProc
 0003:00003684       madExcept.mySettings
 0001:0002CF28       madExcept.NameThread
 0001:00041D70       madExcept.NewAttachments
 0001:00065874       madExcept.NewException
 0003:000037E8       madExcept.NextCreateThread
 0003:00003804       madExcept.NextGetMessageA
 0003:0000380C       madExcept.NextGetMessageW
 0003:00003808       madExcept.NextPeekMessageA
 0003:00003810       madExcept.NextPeekMessageW
 0003:000037EC       madExcept.NextQueueUserWorkItem
 0003:00002D69       madExcept.NoOnlineCheck
 0001:00043C9C       madExcept.nslookup
 0003:00002E64       madExcept.NtOpenThreadProc
 0003:00003814       madExcept.OldExceptionFilter
 0003:00002D40       madExcept.OnExceptBoxCreate
 0003:00002D44       madExcept.OnExceptBoxDestroy
 0001:00065C9C       madExcept.OnExceptionCleanupStack
 0001:000443A4       madExcept.OpenAttachFiles
 0001:0002B428       madExcept.OpenThread
 0003:00002E60       madExcept.OpenThreadProc
 0003:000036A0       madExcept.OtherThreadsSE
 0004:00001228       madExcept.OutOfMemoryInsurance
 0003:000037A8       madExcept.OutOfMemoryInsuranceAllocated
 0004:00001248       madExcept.OutOfMemoryInsuranceSection
 0001:0002CBC4       madExcept.PackAnsiString
 0001:0002CAE0       madExcept.PackUnicodeString
 0001:0003057C       madExcept.ParseMEProperties
 0001:00067800       madExcept.PatchAPI
 0001:0005F7D4       madExcept.PatchCall
 0001:0006822C       madExcept.PatchCall2
 0001:0002C920       madExcept.PatchImportTable
 0001:0002C9D8       madExcept.PatchImportTables
 0001:0005F7F8       madExcept.PatchInt
 0001:0005F7A0       madExcept.PatchJmp
 0004:00001278       madExcept.PatchList
 0001:0005F810       madExcept.PatchPtr
 0004:00001260       madExcept.PatchSection
 0001:0003BE14       madExcept.PauseFreezeCheck
 0001:0003B984       madExcept.PauseMeEventually
 0001:000686F4       madExcept.PeekMessageCallbackA
 0001:00068740       madExcept.PeekMessageCallbackW
 0003:000037C0       madExcept.PExceptObjProc
 0001:00042644       madExcept.Ping
 0003:000036F0       madExcept.PingCount
 0004:000011B0       madExcept.Plugins
 0003:000037C4       madExcept.PMyExceptObjProc1
 0003:000037C8       madExcept.PMyExceptObjProc2
 0003:000037D0       madExcept.PMyRaiseExceptProc
 0001:00042028       madExcept.PrepareAttachments
 0001:000585A8       madExcept.PrepareListView_AutoFormat
 0001:00056C10       madExcept.PrepareListView_Columns
 0001:00056F58       madExcept.PrepareListView_CpuRegs
 0001:0005743C       madExcept.PrepareListView_DisAsm
 0001:00056EC0       madExcept.PrepareListView_Header
 0001:00056D94       madExcept.PrepareListView_Items
 0001:000570E8       madExcept.PrepareListView_Modules
 0001:000571C8       madExcept.PrepareListView_Processes
 0001:00057018       madExcept.PrepareListView_StackDump
 0001:000580F8       madExcept.PrepareListView_Thread
 0001:000638E0       madExcept.PrepareThreadReport
 0003:00002E90       madExcept.PreviousIsValidModule
 0003:00002E94       madExcept.PreviousIsValidModuleSize
 0001:00052EB8       madExcept.PrintBugReport
 0003:00002D48       madExcept.ProcessMainThreadId
 0003:00002D5C       madExcept.ProxyBypass
 0003:00002D64       madExcept.ProxyPassword
 0003:00002D58       madExcept.ProxyServer
 0003:00002D60       madExcept.ProxyUserName
 0001:0003ADBC       madExcept.PutAssisIntoBugReport
 0003:00002DD8       madExcept.Qforms_TApplication_HandleException
 0003:00002DDC       madExcept.Qforms_TApplication_ShowException
 0003:000037CC       madExcept.RaiseExceptionProc2
 0001:00066D74       madExcept.RealStuff
 0001:0003BAC8       madExcept.ReceiveAntiFreeze
 0001:0003AD94       madExcept.ReceiveFireHandlers
 0001:0005D324       madExcept.ReceiveHandleException
 0001:00030BB0       madExcept.ReferenceMeSettingsBuf
 0001:000311F0       madExcept.ReferenceMeSettingsModule
 0001:00031400       madExcept.RefreshProps
 0001:0002C168       madExcept.RegDelVal
 0001:0005E494       madExcept.RegisterBugReportPlugin
 0001:0002BE34       madExcept.RegReadStr
 0001:0002C000       madExcept.RegWriteStr
 0001:0002B68C       madExcept.RelativeToAbsolute
 0001:00066334       madExcept.RemoveIR
 0001:00066E88       madExcept.Replace1Str
 0001:0002DD90       madExcept.ReplaceVersion
 0003:00002E54       madExcept.ReportFault
 0003:00002DCC       madExcept.ReportLeaks
 0003:0000382C       madExcept.ReportLeaksNowProc
 0003:00002DAC       madExcept.RequireAuthenticSsl
 0003:00002D54       madExcept.ResetFpuMode
 0001:00053418       madExcept.RestartApplication
 0001:0003BA64       madExcept.ResumeMainThread
 0001:00067488       madExcept.RtlUnwind
 0001:00050AF0       madExcept.SaveBugReportEx
 0001:00051874       madExcept.SendBugReportEx
 0001:00051834       madExcept.SendBugReportExThread
 0001:00042BE4       madExcept.SendMapiMailEx
 0001:0004312C       madExcept.SendShellMail
 0003:00003854       madExcept.SetDebugMmAlignmentProc
 0001:00065E70       madExcept.SetLastException
 0001:00066160       madExcept.SetLastExceptionHelper
 0003:0000384C       madExcept.SetLeakOptionProc
 0001:00030EB4       madExcept.SetPropStr
 0001:0002CC9C       madExcept.SetThreadInfo
 0003:000036EC       madExcept.ShellExecuteExW
 0001:0002DB90       madExcept.SHGetMalloc
 0001:0002DBA0       madExcept.SHGetPathFromIDListA
 0004:000011D0       madExcept.SHGetPathFromIDListW
 0001:0002DB98       madExcept.SHGetSpecialFolderLocation
 0003:00002D88       madExcept.ShowBugReportKey
 0001:0005C7E0       madExcept.ShowExceptBox
 0001:0005CA6C       madExcept.ShowException
 0004:00001288       madExcept.ShowLeakReportProc
 0003:00002D96       madExcept.ShowOuterExceptDetails
 0003:00002D78       madExcept.SmtpComputerName
 0003:00002D70       madExcept.SmtpMailFrom
 0001:0004791C       madExcept.SmtpOrUpload
 0003:00002D74       madExcept.SmtpReplyTo
 0003:00002D80       madExcept.SmtpServerPort
 0003:00002D7C       madExcept.SmtpTimeout
 0001:00042A8C       madExcept.SplitEMailAddr
 0001:0006967C       madExcept.StartDebugMm
 0003:00003850       madExcept.StartDebugMmProc
 0003:00003820       madExcept.StartLeakCheckingProc
 0001:0006949C       madExcept.StartLeakChecking_
 0003:00002E48       madExcept.StartTime
 0003:00003824       madExcept.StopLeakCheckingProc
 0001:00043C68       madExcept.StrToSAddr
 0001:0003B718       madExcept.SuspendDelphiThreads
 0001:0003BA9C       madExcept.SuspendMainThread
 0003:00003698       madExcept.SuspendSection
 0004:000011E4       madExcept.SuspendThreadIds
 0001:00069818       madExcept.System_ClassDestroy
 0001:000697F0       madExcept.System_DoneExcept
 0003:00002E20       madExcept.System_ExceptionHandler
 0003:00002E1C       madExcept.System_FinalizeUnits
 0003:00002E98       madExcept.System_FpuInit
 0001:00069804       madExcept.System_Halt0
 0001:00069840       madExcept.System_HandleAnyException
 0001:0006982C       madExcept.System_HandleAutoException
 0001:00069854       madExcept.System_HandleOnException
 0003:00002E18       madExcept.System_InitUnits
 0001:00069868       madExcept.System_RaiseExcept
 0003:00002E24       madExcept.System_runErrMsg
 0003:00002E00       madExcept.SysUtils_AnsiStrAlloc
 0003:00002DFC       madExcept.SysUtils_Exception_Destroy
 0003:00002DF8       madExcept.SysUtils_Exception_GetStackTrace
 0003:00002DF4       madExcept.SysUtils_Exception_RaisingException
 0003:00002DF0       madExcept.SysUtils_InitializePackage
 0003:00002DEC       madExcept.SysUtils_LoadPackage
 0003:00002DE8       madExcept.SysUtils_ShowException
 0003:00002E04       madExcept.SysUtils_WideStrAlloc
 0001:00055F00       madExcept.TExceptionBox.BugReportChanged
 0001:0005903C       madExcept.TExceptionBox.CheckCurrentTab
 0001:00059984       madExcept.TExceptionBox.CheckTabs
 0001:00054E84       madExcept.TExceptionBox.CloseMainWnd
 0001:0005B88C       madExcept.TExceptionBox.Create
 0001:0005A238       madExcept.TExceptionBox.Create
 0001:0005BAE0       madExcept.TExceptionBox.Destroy
 0001:000550BC       madExcept.TExceptionBox.DialogWndMethod
 0001:00054EC0       madExcept.TExceptionBox.DoDetails
 0001:00054854       madExcept.TExceptionBox.DrawButton
 0001:000544F4       madExcept.TExceptionBox.DrawGraphic
 0001:00055E0C       madExcept.TExceptionBox.EditWndMethod
 0001:00054D1C       madExcept.TExceptionBox.FlashButton
 0001:00054290       madExcept.TExceptionBox.GetTextWidth
 0001:00055F20       madExcept.TExceptionBox.ListViewWndProc
 0001:0005BBC8       madExcept.TExceptionBox.UpdateException
 0001:00067A50       madExcept.ThreadExceptFrame
 0003:000037F0       madExcept.ThreadsHooked
 0001:000417C0       madExcept.TIMEAttachments.Add
 0001:00041A84       madExcept.TIMEAttachments.Clear
 0001:00041BA8       madExcept.TIMEAttachments.ClearParent
 0001:00041AFC       madExcept.TIMEAttachments.Clone
 0001:00041D00       madExcept.TIMEAttachments.Create
 0001:00041984       madExcept.TIMEAttachments.Delete
 0001:00041D40       madExcept.TIMEAttachments.Destroy
 0001:00041708       madExcept.TIMEAttachments.GetItem
 0001:00041704       madExcept.TIMEAttachments.GetItemCount
 0001:000416EC       madExcept.TIMEAttachments.Lock
 0001:00041BB0       madExcept.TIMEAttachments.Modified
 0001:000416F8       madExcept.TIMEAttachments.Unlock
 0001:0006472C       madExcept.TIMEException.BeginUpdate
 0001:00065260       madExcept.TIMEException.CloseApplication
 0001:00062548       madExcept.TIMEException.CompleteBugReport
 0001:000651AC       madExcept.TIMEException.ContinueApplication
 0001:00065420       madExcept.TIMEException.Create
 0001:00064C0C       madExcept.TIMEException.CriticalBugReportCallbackExists
 0001:00065498       madExcept.TIMEException.Destroy
 0001:00064738       madExcept.TIMEException.EndUpdate
 0001:000652C8       madExcept.TIMEException.FindProp
 0001:00064D58       madExcept.TIMEException.FireChangeEvent
 0001:0005FB48       madExcept.TIMEException.FireHandlers
 0001:000653E4       madExcept.TIMEException.FirstAutoSave
 0001:000653CC       madExcept.TIMEException.FirstCompleteCallback
 0001:0005F894       madExcept.TIMEException.GetAppendScreenShot
 0001:00063FF4       madExcept.TIMEException.GetBugReport
 0001:0005FE3C       madExcept.TIMEException.GetBugReportHeader
 0001:00063B98       madExcept.TIMEException.GetBugReportSections
 0001:0005F864       madExcept.TIMEException.GetBugReport_
 0001:0005F88C       madExcept.TIMEException.GetCallHandlers
 0001:0005F8EC       madExcept.TIMEException.GetCallstack
 0001:0005FA90       madExcept.TIMEException.GetCallstackCrc
 0001:0005F830       madExcept.TIMEException.GetCanContinue
 0001:00062E34       madExcept.TIMEException.GetCompleteThreadId
 0001:0005FAA4       madExcept.TIMEException.GetContext
 0001:0005F848       madExcept.TIMEException.GetCrashedThreadId
 0001:0005F87C       madExcept.TIMEException.GetCreateBugReport
 0001:0005F884       madExcept.TIMEException.GetCreateScreenShot
 0001:0005F844       madExcept.TIMEException.GetExceptAddr
 0001:0005F938       madExcept.TIMEException.GetExceptClass
 0001:0005FAB4       madExcept.TIMEException.GetExceptionRecord
 0001:0005F9D8       madExcept.TIMEException.GetExceptMessage
 0001:0005F840       madExcept.TIMEException.GetExceptObject
 0001:0005F838       madExcept.TIMEException.GetExceptType
 0001:000653BC       madExcept.TIMEException.GetMailWasSaved
 0001:000653AC       madExcept.TIMEException.GetMailWasSent
 0001:0005F85C       madExcept.TIMEException.GetPackage
 0001:0005F828       madExcept.TIMEException.GetPhase
 0001:0005F854       madExcept.TIMEException.GetRelatedObject
 0001:0006468C       madExcept.TIMEException.GetScreenShot
 0001:0005F8A4       madExcept.TIMEException.GetShowAssistant
 0001:0005F89C       madExcept.TIMEException.GetShowSetting
 0001:0005F84C       madExcept.TIMEException.GetSource
 0001:0005F8BC       madExcept.TIMEException.GetThreadId
 0001:000650F0       madExcept.TIMEException.PrintBugReport
 0001:000653FC       madExcept.TIMEException.PSendThread
 0001:000648C8       madExcept.TIMEException.RegisterBugReportCallback
 0001:00064760       madExcept.TIMEException.RegisterBugReportCallback
 0001:000651F4       madExcept.TIMEException.RestartApplication
 0001:00065028       madExcept.TIMEException.SaveBugReport
 0001:00064F08       madExcept.TIMEException.SendBugReport
 0001:0005FB20       madExcept.TIMEException.SetAppendScreenShot
 0001:00063FD4       madExcept.TIMEException.SetBugReport
 0001:0005FB18       madExcept.TIMEException.SetCallHandlers
 0001:0005FAF4       madExcept.TIMEException.SetCanContinue
 0001:0005FB08       madExcept.TIMEException.SetCreateBugReport
 0001:0005FB10       madExcept.TIMEException.SetCreateScreenShot
 0001:0005FAC8       madExcept.TIMEException.SetExceptionRecord
 0001:0005FA78       madExcept.TIMEException.SetExceptMessage
 0001:00065404       madExcept.TIMEException.SetInner
 0001:000653C4       madExcept.TIMEException.SetMailWasSaved
 0001:000653B4       madExcept.TIMEException.SetMailWasSent
 0001:00064CC4       madExcept.TIMEException.SetModified
 0001:0005FADC       madExcept.TIMEException.SetPhase
 0001:00064714       madExcept.TIMEException.SetScreenShot
 0001:0005FB30       madExcept.TIMEException.SetShowAssistant
 0001:0005FB28       madExcept.TIMEException.SetShowSetting
 0001:00064ED8       madExcept.TIMEException.Show
 0001:00064EE8       madExcept.TIMEException.ShowBugReport
 0001:00064A60       madExcept.TIMEException.UnregisterBugReportCallback
 0001:00064B30       madExcept.TIMEException.UnregisterBugReportCallback
 0001:00041674       madExcept.TIMEFields.AcceptData
 0001:000411A0       madExcept.TIMEFields.Add
 0001:00041528       madExcept.TIMEFields.ClearExcParent
 0001:00041530       madExcept.TIMEFields.ClearMesParent
 0001:00041438       madExcept.TIMEFields.Clone
 0001:0004167C       madExcept.TIMEFields.Create
 0001:00041374       madExcept.TIMEFields.Delete
 0001:0004141C       madExcept.TIMEFields.Delete
 0001:000416BC       madExcept.TIMEFields.Destroy
 0001:00040F70       madExcept.TIMEFields.FindItem
 0001:00040FF4       madExcept.TIMEFields.GetContent
 0001:00040E88       madExcept.TIMEFields.GetItem
 0001:00040E84       madExcept.TIMEFields.GetItemCount
 0001:000411A8       madExcept.TIMEFields.Insert
 0001:00040E4C       madExcept.TIMEFields.Lock
 0001:00041538       madExcept.TIMEFields.Modified
 0001:00041670       madExcept.TIMEFields.SetAddIndex
 0001:00041064       madExcept.TIMEFields.SetContent
 0001:00040EF4       madExcept.TIMEFields.SetItem
 0001:00040E68       madExcept.TIMEFields.Unlock
 0001:0003CB74       madExcept.TIMESettings.CheckFileCrc
 0001:0003CB9C       madExcept.TIMESettings.CheckForFreeze
 0001:0003CC30       madExcept.TIMESettings.CrashOnOverrun
 0001:0003CC94       madExcept.TIMESettings.CrashOnUnderrun
 0001:0004089C       madExcept.TIMESettings.Create
 0001:000409B8       madExcept.TIMESettings.Destroy
 0001:0003CAB8       madExcept.TIMESettings.Enabled
 0001:00040418       madExcept.TIMESettings.FillFormCache
 0001:0003FE68       madExcept.TIMESettings.FindProp
 0001:0003CBC0       madExcept.TIMESettings.FreezeTimeout
 0001:0003E24C       madExcept.TIMESettings.GetAdditionalAttachments
 0001:0003E3C4       madExcept.TIMESettings.GetAdditionalFields
 0001:0003DA68       madExcept.TIMESettings.GetAppendBugReports
 0001:0003FB80       madExcept.TIMESettings.GetAssistant
 0001:0003D8A4       madExcept.TIMESettings.GetAttachBugReport
 0001:0003D8CC       madExcept.TIMESettings.GetAttachBugReportFile
 0001:0003CD90       madExcept.TIMESettings.GetAutoClipboard
 0001:0003CE4C       madExcept.TIMESettings.GetAutoClose
 0001:0003CE00       madExcept.TIMESettings.GetAutoContinue
 0001:0003CE70       madExcept.TIMESettings.GetAutoDelay
 0001:0003CE28       madExcept.TIMESettings.GetAutoRestart
 0001:0003CCF8       madExcept.TIMESettings.GetAutoSave
 0001:0003CD1C       madExcept.TIMESettings.GetAutoSaveIfNotSent
 0001:0003CD48       madExcept.TIMESettings.GetAutoSend
 0001:0003CD6C       madExcept.TIMESettings.GetAutoSendPrgrBox
 0001:0003D378       madExcept.TIMESettings.GetAutoShowBugReport
 0001:0003DD5C       madExcept.TIMESettings.GetBitFaultMsg
 0001:0003E21C       madExcept.TIMESettings.GetBugReportFile
 0001:0003DA90       madExcept.TIMESettings.GetBugReportFileSize
 0001:0003D920       madExcept.TIMESettings.GetBugReportSendAs
 0001:0003D954       madExcept.TIMESettings.GetBugReportZip
 0001:0003D5C4       madExcept.TIMESettings.GetBugTrackerAccount
 0001:0003D660       madExcept.TIMESettings.GetBugTrackerArea
 0001:0003D690       madExcept.TIMESettings.GetBugTrackerAssignTo
 0001:0003DFD8       madExcept.TIMESettings.GetBugTrackerDescription
 0001:0003D5F8       madExcept.TIMESettings.GetBugTrackerPassword
 0001:0003D62C       madExcept.TIMESettings.GetBugTrackerProject
 0001:0003DFA8       madExcept.TIMESettings.GetBugTrackerTitle
 0001:0003DEB4       madExcept.TIMESettings.GetCloseBtnCaption
 0001:0003D298       madExcept.TIMESettings.GetCloseBtnVisible
 0001:0003E0FC       madExcept.TIMESettings.GetConnectMsg
 0001:0003DE4C       madExcept.TIMESettings.GetContinueBtnCaption
 0001:0003D248       madExcept.TIMESettings.GetContinueBtnVisible
 0001:0003D8F8       madExcept.TIMESettings.GetDeleteBugReportFile
 0001:0003DF14       madExcept.TIMESettings.GetDetailsBtnCaption
 0001:0003DB08       madExcept.TIMESettings.GetDupExceptDef
 0001:0003DB38       madExcept.TIMESettings.GetDupFreezeDef
 0001:0003DCFC       madExcept.TIMESettings.GetExceptMsg
 0001:0003E158       madExcept.TIMESettings.GetFieldsMsg
 0001:0003D134       madExcept.TIMESettings.GetFilter1Assistant
 0001:0003CE94       madExcept.TIMESettings.GetFilter1Classes
 0001:0003CEF4       madExcept.TIMESettings.GetFilter1NoBugReport
 0001:0003D038       madExcept.TIMESettings.GetFilter1NoHandlers
 0001:0003CF60       madExcept.TIMESettings.GetFilter1NoScreenShot
 0001:0003CFCC       madExcept.TIMESettings.GetFilter1NoSuspend
 0001:0003D0B0       madExcept.TIMESettings.GetFilter1ShowSetting
 0001:0003D160       madExcept.TIMESettings.GetFilter2Assistant
 0001:0003CEC4       madExcept.TIMESettings.GetFilter2Classes
 0001:0003CF18       madExcept.TIMESettings.GetFilter2NoBugReport
 0001:0003D060       madExcept.TIMESettings.GetFilter2NoHandlers
 0001:0003CF84       madExcept.TIMESettings.GetFilter2NoScreenShot
 0001:0003CFF0       madExcept.TIMESettings.GetFilter2NoSuspend
 0001:0003D0DC       madExcept.TIMESettings.GetFilter2ShowSetting
 0001:0003D2BC       madExcept.TIMESettings.GetFocusedButton
 0001:0003DC6C       madExcept.TIMESettings.GetFormatDisassembly
 0001:0003DD2C       madExcept.TIMESettings.GetFrozenMsg
 0001:0003D18C       madExcept.TIMESettings.GetGeneralAssistant
 0001:0003CF3C       madExcept.TIMESettings.GetGeneralNoBugReport
 0001:0003D088       madExcept.TIMESettings.GetGeneralNoHandlers
 0001:0003CFA8       madExcept.TIMESettings.GetGeneralNoScreenShot
 0001:0003D014       madExcept.TIMESettings.GetGeneralNoSuspend
 0001:0003D108       madExcept.TIMESettings.GetGeneralShowSetting
 0001:0003DBF4       madExcept.TIMESettings.GetHideUglyItems
 0001:0003D560       madExcept.TIMESettings.GetHttpAccount
 0001:0003D590       madExcept.TIMESettings.GetHttpPassword
 0001:0003D53C       madExcept.TIMESettings.GetHttpPort
 0001:0003D4A8       madExcept.TIMESettings.GetHttpServer
 0001:0003D51C       madExcept.TIMESettings.GetHttpSsl
 0001:0003DC94       madExcept.TIMESettings.GetLimitDisassembly
 0001:0003DB68       madExcept.TIMESettings.GetListThreads
 0001:0003D3EC       madExcept.TIMESettings.GetMailAddr
 0001:0003D6F0       madExcept.TIMESettings.GetMailAsSmtpClient
 0001:0003D6C4       madExcept.TIMESettings.GetMailAsSmtpServer
 0001:0003E038       madExcept.TIMESettings.GetMailBody
 0001:0003DA38       madExcept.TIMESettings.GetMailFrom
 0001:0003E008       madExcept.TIMESettings.GetMailSubject
 0001:0003D87C       madExcept.TIMESettings.GetMailViaMailto
 0001:0003D858       madExcept.TIMESettings.GetMailViaMapi
 0001:0003E0CC       madExcept.TIMESettings.GetMxLookupMsg
 0001:0003DAB8       madExcept.TIMESettings.GetNoDupExcepts
 0001:0003DAE0       madExcept.TIMESettings.GetNoDupFreezes
 0001:0003D3A0       madExcept.TIMESettings.GetNoOwnerDrawButtons
 0001:0003DEE4       madExcept.TIMESettings.GetOkBtnCaption
 0001:0003DF78       madExcept.TIMESettings.GetPleaseWaitText
 0001:0003DF48       madExcept.TIMESettings.GetPleaseWaitTitle
 0001:0003E500       madExcept.TIMESettings.GetPluginEnabled
 0001:0003E09C       madExcept.TIMESettings.GetPrepareAttachMsg
 0001:0003D348       madExcept.TIMESettings.GetPrintAssistant
 0001:0003DDEC       madExcept.TIMESettings.GetPrintBtnCaption
 0001:0003D200       madExcept.TIMESettings.GetPrintBtnVisible
 0001:0003FF1C       madExcept.TIMESettings.GetPropBool
 0001:0004032C       madExcept.TIMESettings.GetPropDw
 0001:0003FFD0       madExcept.TIMESettings.GetPropInt
 0001:00040084       madExcept.TIMESettings.GetPropStr
 0001:0003DE80       madExcept.TIMESettings.GetRestartBtnCaption
 0001:0003D270       madExcept.TIMESettings.GetRestartBtnVisible
 0001:0003D318       madExcept.TIMESettings.GetSaveAssistant
 0001:0003DDBC       madExcept.TIMESettings.GetSaveBtnCaption
 0001:0003D1DC       madExcept.TIMESettings.GetSaveBtnVisible
 0001:0003D9AC       madExcept.TIMESettings.GetScreenShotAppOnly
 0001:0003D984       madExcept.TIMESettings.GetScreenShotDepth
 0001:0003D9D4       madExcept.TIMESettings.GetScreenShotSendAs
 0001:0003DA08       madExcept.TIMESettings.GetScreenShotZip
 0001:00040898       madExcept.TIMESettings.GetSelf
 0001:0003D2E8       madExcept.TIMESettings.GetSendAssistant
 0001:0003E188       madExcept.TIMESettings.GetSendAttachMsg
 0001:0003E068       madExcept.TIMESettings.GetSendBoxTitle
 0001:0003DD8C       madExcept.TIMESettings.GetSendBtnCaption
 0001:0003D1B8       madExcept.TIMESettings.GetSendBtnVisible
 0001:0003E1EC       madExcept.TIMESettings.GetSendFailureMsg
 0001:0003E1B8       madExcept.TIMESettings.GetSendFinalizeMsg
 0001:0003D3C4       madExcept.TIMESettings.GetSendInBackground
 0001:0003E128       madExcept.TIMESettings.GetSendMailMsg
 0001:0003DE1C       madExcept.TIMESettings.GetShowBtnCaption
 0001:0003D224       madExcept.TIMESettings.GetShowBtnVisible
 0001:0003DB8C       madExcept.TIMESettings.GetShowCpuRegisters
 0001:0003DBD0       madExcept.TIMESettings.GetShowDisAsm
 0001:0003CDDC       madExcept.TIMESettings.GetShowPleaseWaitBox
 0001:0003DC1C       madExcept.TIMESettings.GetShowRelativeAddrs
 0001:0003DC44       madExcept.TIMESettings.GetShowRelativeLines
 0001:0003DBAC       madExcept.TIMESettings.GetShowStackDump
 0001:0003D7F4       madExcept.TIMESettings.GetSmtpAccount
 0001:0003D824       madExcept.TIMESettings.GetSmtpPassword
 0001:0003D7D0       madExcept.TIMESettings.GetSmtpPort
 0001:0003D71C       madExcept.TIMESettings.GetSmtpServer
 0001:0003D790       madExcept.TIMESettings.GetSmtpSsl
 0001:0003D7B0       madExcept.TIMESettings.GetSmtpTls
 0001:0003CDB4       madExcept.TIMESettings.GetSuspendThreads
 0001:0003DCCC       madExcept.TIMESettings.GetTitleBar
 0001:0003D43C       madExcept.TIMESettings.GetUploadToBugZilla
 0001:0003D480       madExcept.TIMESettings.GetUploadToCustomScript
 0001:0003D41C       madExcept.TIMESettings.GetUploadToFogBugz
 0001:0003D460       madExcept.TIMESettings.GetUploadToMantis
 0001:0003CBE8       madExcept.TIMESettings.GetWindowsLogo
 0001:0003CAAC       madExcept.TIMESettings.IsValid
 0001:0003CAD8       madExcept.TIMESettings.LinkInMapFile
 0001:0003CB48       madExcept.TIMESettings.LinkInSettings
 0001:0003CAB4       madExcept.TIMESettings.Module
 0001:00040624       madExcept.TIMESettings.ReadFormCache
 0001:0004040C       madExcept.TIMESettings.Reload
 0001:0003CC0C       madExcept.TIMESettings.ReportLeaks
 0001:0003F494       madExcept.TIMESettings.SetAppendBugReports
 0001:0003F2BC       madExcept.TIMESettings.SetAttachBugReport
 0001:0003F2E8       madExcept.TIMESettings.SetAttachBugReportFile
 0001:0003E7B0       madExcept.TIMESettings.SetAutoClipboard
 0001:0003E880       madExcept.TIMESettings.SetAutoClose
 0001:0003E82C       madExcept.TIMESettings.SetAutoContinue
 0001:0003E8A8       madExcept.TIMESettings.SetAutoDelay
 0001:0003E858       madExcept.TIMESettings.SetAutoRestart
 0001:0003E708       madExcept.TIMESettings.SetAutoSave
 0001:0003E730       madExcept.TIMESettings.SetAutoSaveIfNotSent
 0001:0003E760       madExcept.TIMESettings.SetAutoSend
 0001:0003E788       madExcept.TIMESettings.SetAutoSendPrgrBox
 0001:0003EDB0       madExcept.TIMESettings.SetAutoShowBugReport
 0001:0003F788       madExcept.TIMESettings.SetBitFaultMsg
 0001:0003F46C       madExcept.TIMESettings.SetBugReportFile
 0001:0003F4C0       madExcept.TIMESettings.SetBugReportFileSize
 0001:0003F344       madExcept.TIMESettings.SetBugReportSendAs
 0001:0003F370       madExcept.TIMESettings.SetBugReportZip
 0001:0003F000       madExcept.TIMESettings.SetBugTrackerAccount
 0001:0003F084       madExcept.TIMESettings.SetBugTrackerArea
 0001:0003F0AC       madExcept.TIMESettings.SetBugTrackerAssignTo
 0001:0003F99C       madExcept.TIMESettings.SetBugTrackerDescription
 0001:0003F02C       madExcept.TIMESettings.SetBugTrackerPassword
 0001:0003F058       madExcept.TIMESettings.SetBugTrackerProject
 0001:0003F974       madExcept.TIMESettings.SetBugTrackerTitle
 0001:0003F8A8       madExcept.TIMESettings.SetCloseBtnCaption
 0001:0003ECE8       madExcept.TIMESettings.SetCloseBtnVisible
 0001:0003FA90       madExcept.TIMESettings.SetConnectMsg
 0001:0003F850       madExcept.TIMESettings.SetContinueBtnCaption
 0001:0003EC90       madExcept.TIMESettings.SetContinueBtnVisible
 0001:0003F318       madExcept.TIMESettings.SetDeleteBugReportFile
 0001:0003F8F8       madExcept.TIMESettings.SetDetailsBtnCaption
 0001:0003F544       madExcept.TIMESettings.SetDupExceptDef
 0001:0003F570       madExcept.TIMESettings.SetDupFreezeDef
 0001:0003F738       madExcept.TIMESettings.SetExceptMsg
 0001:0003FADC       madExcept.TIMESettings.SetFieldsMsg
 0001:0003EB84       madExcept.TIMESettings.SetFilter1Assistant
 0001:0003E8D0       madExcept.TIMESettings.SetFilter1Classes
 0001:0003E920       madExcept.TIMESettings.SetFilter1NoBugReport
 0001:0003EA88       madExcept.TIMESettings.SetFilter1NoHandlers
 0001:0003E998       madExcept.TIMESettings.SetFilter1NoScreenShot
 0001:0003EA10       madExcept.TIMESettings.SetFilter1NoSuspend
 0001:0003EB0C       madExcept.TIMESettings.SetFilter1ShowSetting
 0001:0003EBA8       madExcept.TIMESettings.SetFilter2Assistant
 0001:0003E8F8       madExcept.TIMESettings.SetFilter2Classes
 0001:0003E948       madExcept.TIMESettings.SetFilter2NoBugReport
 0001:0003EAB4       madExcept.TIMESettings.SetFilter2NoHandlers
 0001:0003E9C0       madExcept.TIMESettings.SetFilter2NoScreenShot
 0001:0003EA38       madExcept.TIMESettings.SetFilter2NoSuspend
 0001:0003EB34       madExcept.TIMESettings.SetFilter2ShowSetting
 0001:0003ED10       madExcept.TIMESettings.SetFocusedButton
 0001:0003F6BC       madExcept.TIMESettings.SetFormatDisassembly
 0001:0003F760       madExcept.TIMESettings.SetFrozenMsg
 0001:0003EBCC       madExcept.TIMESettings.SetGeneralAssistant
 0001:0003E970       madExcept.TIMESettings.SetGeneralNoBugReport
 0001:0003EAE0       madExcept.TIMESettings.SetGeneralNoHandlers
 0001:0003E9E8       madExcept.TIMESettings.SetGeneralNoScreenShot
 0001:0003EA60       madExcept.TIMESettings.SetGeneralNoSuspend
 0001:0003EB5C       madExcept.TIMESettings.SetGeneralShowSetting
 0001:0003F638       madExcept.TIMESettings.SetHideUglyItems
 0001:0003EFAC       madExcept.TIMESettings.SetHttpAccount
 0001:0003EFD4       madExcept.TIMESettings.SetHttpPassword
 0001:0003EF84       madExcept.TIMESettings.SetHttpPort
 0001:0003EEF4       madExcept.TIMESettings.SetHttpServer
 0001:0003EF60       madExcept.TIMESettings.SetHttpSsl
 0001:0003F6E8       madExcept.TIMESettings.SetLimitDisassembly
 0001:0003F59C       madExcept.TIMESettings.SetListThreads
 0001:0003EE30       madExcept.TIMESettings.SetMailAddr
 0001:0003F108       madExcept.TIMESettings.SetMailAsSmtpClient
 0001:0003F0D8       madExcept.TIMESettings.SetMailAsSmtpServer
 0001:0003F9EC       madExcept.TIMESettings.SetMailBody
 0001:0003F444       madExcept.TIMESettings.SetMailFrom
 0001:0003F9C4       madExcept.TIMESettings.SetMailSubject
 0001:0003F290       madExcept.TIMESettings.SetMailViaMailto
 0001:0003F268       madExcept.TIMESettings.SetMailViaMapi
 0001:0003FA68       madExcept.TIMESettings.SetMxLookupMsg
 0001:0003F4EC       madExcept.TIMESettings.SetNoDupExcepts
 0001:0003F518       madExcept.TIMESettings.SetNoDupFreezes
 0001:0003EDDC       madExcept.TIMESettings.SetNoOwnerDrawButtons
 0001:0003F8D0       madExcept.TIMESettings.SetOkBtnCaption
 0001:0003F94C       madExcept.TIMESettings.SetPleaseWaitText
 0001:0003F924       madExcept.TIMESettings.SetPleaseWaitTitle
 0001:0003E574       madExcept.TIMESettings.SetPluginEnabled
 0001:0003FA40       madExcept.TIMESettings.SetPrepareAttachMsg
 0001:0003ED88       madExcept.TIMESettings.SetPrintAssistant
 0001:0003F800       madExcept.TIMESettings.SetPrintBtnCaption
 0001:0003EC40       madExcept.TIMESettings.SetPrintBtnVisible
 0001:00040340       madExcept.TIMESettings.SetPropBool
 0001:00040404       madExcept.TIMESettings.SetPropDw
 0001:00040374       madExcept.TIMESettings.SetPropInt
 0001:000403A8       madExcept.TIMESettings.SetPropStr
 0001:0003F87C       madExcept.TIMESettings.SetRestartBtnCaption
 0001:0003ECBC       madExcept.TIMESettings.SetRestartBtnVisible
 0001:0003ED60       madExcept.TIMESettings.SetSaveAssistant
 0001:0003F7D8       madExcept.TIMESettings.SetSaveBtnCaption
 0001:0003EC18       madExcept.TIMESettings.SetSaveBtnVisible
 0001:0003F3C4       madExcept.TIMESettings.SetScreenShotAppOnly
 0001:0003F398       madExcept.TIMESettings.SetScreenShotDepth
 0001:0003F3F0       madExcept.TIMESettings.SetScreenShotSendAs
 0001:0003F41C       madExcept.TIMESettings.SetScreenShotZip
 0001:0003ED38       madExcept.TIMESettings.SetSendAssistant
 0001:0003FB04       madExcept.TIMESettings.SetSendAttachMsg
 0001:0003FA14       madExcept.TIMESettings.SetSendBoxTitle
 0001:0003F7B0       madExcept.TIMESettings.SetSendBtnCaption
 0001:0003EBF0       madExcept.TIMESettings.SetSendBtnVisible
 0001:0003FB58       madExcept.TIMESettings.SetSendFailureMsg
 0001:0003FB2C       madExcept.TIMESettings.SetSendFinalizeMsg
 0001:0003EE04       madExcept.TIMESettings.SetSendInBackground
 0001:0003FAB4       madExcept.TIMESettings.SetSendMailMsg
 0001:0003F828       madExcept.TIMESettings.SetShowBtnCaption
 0001:0003EC68       madExcept.TIMESettings.SetShowBtnVisible
 0001:0003F5C4       madExcept.TIMESettings.SetShowCpuRegisters
 0001:0003F610       madExcept.TIMESettings.SetShowDisAsm
 0001:0003E804       madExcept.TIMESettings.SetShowPleaseWaitBox
 0001:0003F664       madExcept.TIMESettings.SetShowRelativeAddrs
 0001:0003F690       madExcept.TIMESettings.SetShowRelativeLines
 0001:0003F5E8       madExcept.TIMESettings.SetShowStackDump
 0001:0003F214       madExcept.TIMESettings.SetSmtpAccount
 0001:0003F23C       madExcept.TIMESettings.SetSmtpPassword
 0001:0003F1EC       madExcept.TIMESettings.SetSmtpPort
 0001:0003F138       madExcept.TIMESettings.SetSmtpServer
 0001:0003F1A4       madExcept.TIMESettings.SetSmtpSsl
 0001:0003F1C8       madExcept.TIMESettings.SetSmtpTls
 0001:0003E7D8       madExcept.TIMESettings.SetSuspendThreads
 0001:0003F710       madExcept.TIMESettings.SetTitleBar
 0001:0003EE7C       madExcept.TIMESettings.SetUploadToBugZilla
 0001:0003EEC8       madExcept.TIMESettings.SetUploadToCustomScript
 0001:0003EE58       madExcept.TIMESettings.SetUploadToFogBugz
 0001:0003EEA4       madExcept.TIMESettings.SetUploadToMantis
 0001:0003E6E0       madExcept.TIMESettings.SetWindowsLogo
 0001:0003DCB8       madExcept.TIMESettings.VersionVar
 0001:0005E7BC       madExcept.TimeToStr
 0001:00056D20       madExcept.TrimStr9
 0001:0004623C       madExcept.TSmtp.ClientHandshakeLoop
 0001:00045280       madExcept.TSmtp.Create
 0001:00045EE8       madExcept.TSmtp.Destroy
 0001:000475FC       madExcept.TSmtp.Finalize
 0001:00046144       madExcept.TSmtp.InitializeSecurityContext
 0001:000460D8       madExcept.TSmtp.InitSecBuffers
 0001:000466BC       madExcept.TSmtp.Receive
 0001:000463FC       madExcept.TSmtp.Send
 0001:0004728C       madExcept.TSmtp.SendFile
 0001:00046BB4       madExcept.TSmtp.SendMail
 0001:00046550       madExcept.TSmtp.SendReceive
 0001:00045D1C       madExcept.TSmtp.StartSsl
 0001:00049D9C       madExcept.TWinHttp.AddHeaderData
 0001:00049F3C       madExcept.TWinHttp.AutoConfigProxy
 0001:0004DA34       madExcept.TWinHttp.BugZillaCall
 0001:0004AC30       madExcept.TWinHttp.CheckDoubleListValue
 0001:0004AB94       madExcept.TWinHttp.CheckListValue
 0001:00049B84       madExcept.TWinHttp.Connect
 0001:00049554       madExcept.TWinHttp.Create
 0001:00049B08       madExcept.TWinHttp.Destroy
 0001:0004D320       madExcept.TWinHttp.EncodeBugZillaParams
 0001:0004AB2C       madExcept.TWinHttp.ExtractXml
 0001:0004D7C4       madExcept.TWinHttp.FinishBugZillaCall
 0001:0004F708       madExcept.TWinHttp.FinishMantisCall
 0001:0004C060       madExcept.TWinHttp.FogBugzCall
 0001:0004AE3C       madExcept.TWinHttp.Get
 0001:0004CD6C       madExcept.TWinHttp.InitBugZilla
 0001:0004B8F4       madExcept.TWinHttp.InitFogBugz
 0001:0004EB24       madExcept.TWinHttp.InitMantis
 0001:0004B00C       madExcept.TWinHttp.InternalPost
 0001:0004F8F4       madExcept.TWinHttp.MantisCall
 0001:00049C44       madExcept.TWinHttp.OpenRequest
 0001:0004B804       madExcept.TWinHttp.Post
 0001:0004A180       madExcept.TWinHttp.ReceiveResponse
 0001:0004A110       madExcept.TWinHttp.SendData
 0001:0004AD10       madExcept.TWinHttp.SendFile
 0001:00049E10       madExcept.TWinHttp.SendRequest
 0001:0004A59C       madExcept.TWinHttp.SetLastErrorNo
 0001:0004A618       madExcept.TWinHttp.SetLastErrorStr
 0001:0004A654       madExcept.TWinHttp.SetProgress
 0001:0004D508       madExcept.TWinHttp.StartBugZillaCall
 0001:0004F3B4       madExcept.TWinHttp.StartMantisCall
 0001:0004DC30       madExcept.TWinHttp.UploadBugToBugZilla
 0001:0004C2A4       madExcept.TWinHttp.UploadBugToFogBugz
 0001:0004F9A4       madExcept.TWinHttp.UploadBugToMantis
 0001:0004DAE0       madExcept.TWinHttp.VerifyBugZillaUser
 0001:0005F600       madExcept.UndoPatches
 0001:0004AE9C       madExcept.UnicodeToAnsi
 0001:00068DF8       madExcept.UninstallUnhandledExceptionFilter
 0001:000312B4       madExcept.UnlistMeSettingsModule
 0001:0006962C       madExcept.UnloadLeakModule
 0003:0000383C       madExcept.UnloadLeakModuleProc
 0001:0002CC04       madExcept.UnpackUnicodeString
 0001:00067924       madExcept.UnpatchAPI
 0001:0005E51C       madExcept.UnregisterBugReportPlugin
 0001:00061938       madExcept.UpdateSection
 0001:00068158       madExcept.UserWorkItemExceptFrame
 0003:00002D94       madExcept.WasRestarted
 0004:000011F4       madExcept.WinHttpAddRequestHeaders
 0004:00001224       madExcept.WinHttpCloseHandle
 0004:000011EC       madExcept.WinHttpConnect
 0004:000011FC       madExcept.WinHttpGetIEProxyConfigForCurrentUser
 0004:00001200       madExcept.WinHttpGetProxyForUrl
 0004:000011E8       madExcept.WinHttpOpen
 0004:000011F0       madExcept.WinHttpOpenRequest
 0004:00001214       madExcept.WinHttpQueryAuthSchemes
 0004:0000121C       madExcept.WinHttpQueryDataAvailable
 0004:00001210       madExcept.WinHttpQueryHeaders
 0004:00001220       madExcept.WinHttpReadData
 0004:0000120C       madExcept.WinHttpReceiveResponse
 0004:000011F8       madExcept.WinHttpSendRequest
 0004:00001218       madExcept.WinHttpSetCredentials
 0004:00001204       madExcept.WinHttpSetOption
 0004:00001208       madExcept.WinHttpWriteData
 0001:0002DB08       madExcept._FpuInit
 0004:00001290       madListHardware..1
 0001:0006C20C       madListHardware.AddDevice
 0001:0006D11C       madListHardware.Finalization
 0001:0006C920       madListHardware.GetDeviceInfo
 0001:0006CE38       madListHardware.GetHardwareList
 0001:0006C4AC       madListHardware.GetHardwareList9x
 0001:0006C9B8       madListHardware.GetHardwareListNt
 0002:00000228       madListHardware.madListHardware
 0001:0006C3DC       madListHardware.RegReadStrA
 0004:00001298       madListModules..1
 0001:0006E400       madListModules.Finalization
 0001:0006DF40       madListModules.GetModuleList
 0002:0000032C       madListModules.madListModules
 0004:00001294       madListProcesses..1
 0001:0006D22C       madListProcesses.AddItem
 0003:00003864       madListProcesses.CreateToolhelp32Snapshot
 0001:0006D434       madListProcesses.EnumProcesses9x
 0001:0006D5C0       madListProcesses.EnumProcessesNt
 0001:0006DE5C       madListProcesses.Finalization
 0003:00003870       madListProcesses.GetGuiResources
 0003:0000386C       madListProcesses.GetModuleFileNameEx
 0001:0006DAFC       madListProcesses.GetProcessList
 0002:000002AC       madListProcesses.madListProcesses
 0003:00003868       madListProcesses.NtQuerySystemInformation
 0001:0006D98C       madListProcesses.PriorityClassToStr
 0003:0000385C       madListProcesses.Process32First
 0003:00003860       madListProcesses.Process32Next
 0004:00001174       madMapFile..2
 0001:000142B8       madMapFile..TMapFile
 0001:00014A90       madMapFile..TMiniStream
 0001:00014DC4       madMapFile.CalcCryptPassword
 0003:00002D24       madMapFile.CMapFileStreamDescriptor
 0001:000175A4       madMapFile.DecodeNameString
 0001:0001AEBC       madMapFile.Finalization
 0001:00018FB8       madMapFile.FindMapFile
 0001:0001A8D8       madMapFile.FindMapFile
 0001:00018990       madMapFile.GetFileTime
 0001:0001AE54       madMapFile.GetLineNumber
 0001:000167EC       madMapFile.GetMapFileFromResources
 0001:0001ABBC       madMapFile.GetMapFileInfos
 0001:0001AAB8       madMapFile.GetMapFileInfos2
 0001:00016EA8       madMapFile.GetNextLine
 0001:0001ABF0       madMapFile.GetProcNameFromMapFile
 0001:000176F4       madMapFile.GetStr
 0001:000163E8       madMapFile.ImportStr
 0001:00017B90       madMapFile.InitPdbReading
 0001:00018A58       madMapFile.IsTdsOld
 0001:00016318       madMapFile.Line_LoadFromStream
 0001:00016174       madMapFile.Line_ParseStr
 0001:0001A144       madMapFile.Line_SaveToStream
 0001:000157D4       madMapFile.LoadStrFromFile
 0002:00000070       madMapFile.madMapFile
 0004:00001178       madMapFile.MapFileCache
 0001:0001A618       madMapFile.MapFileCache_Add
 0001:0001A89C       madMapFile.MapFileCache_Clear
 0001:0001A718       madMapFile.MapFileCache_Get
 0001:00016D28       madMapFile.OptimizeSegments
 0001:0001886C       madMapFile.Parse
 0001:00018740       madMapFile.ParseAll
 0001:0001870C       madMapFile.ParseLines
 0001:00018170       madMapFile.ParseNames
 0001:00015638       madMapFile.ParsePdb_EnumLines
 0001:000155BC       madMapFile.ParsePdb_EnumSymbols
 0001:000182B0       madMapFile.ParsePublics
 0001:000181C4       madMapFile.ParseSegments
 0001:000185F4       madMapFile.ParseSrcFile
 0001:00018528       madMapFile.ParseSrcFileLines
 0001:00016F48       madMapFile.ParseStr
 0001:00018C08       madMapFile.ParseTd32
 0001:00015FFC       madMapFile.Public_LoadFromStream
 0001:00015DC8       madMapFile.Public_ParseStr
 0001:00019FF0       madMapFile.Public_SaveToStream
 0001:00017790       madMapFile.ReadJdbg
 0001:0001595C       madMapFile.ReadPackedInteger
 0001:0001599C       madMapFile.ReadPackedString
 0001:00017F04       madMapFile.ReadPdb
 0001:0001775C       madMapFile.ReadValue
 0001:00015C54       madMapFile.Segment_LoadFromStream
 0001:00015A28       madMapFile.Segment_ParseStr
 0001:00019EE0       madMapFile.Segment_SaveToStream
 0001:00017544       madMapFile.SimpleCryptString
 0001:00016880       madMapFile.SortLines
 0001:00016968       madMapFile.SortPublics
 0001:00016AB4       madMapFile.SortSegments
 0003:00002D0C       madMapFile.SymCleanup
 0003:00002D20       madMapFile.SymEnumLines
 0003:00002D1C       madMapFile.SymEnumSymbols
 0003:00002D18       madMapFile.SymGetModuleInfo64
 0003:00002D08       madMapFile.SymInitialize
 0003:00002D10       madMapFile.SymLoadModuleEx
 0003:00002D14       madMapFile.SymUnloadModule64
 0001:00019390       madMapFile.TMapFile.Create
 0001:0001A208       madMapFile.TMapFile.Export
 0001:00019D50       madMapFile.TMapFile.FindAddress
 0001:00019B90       madMapFile.TMapFile.FindLine
 0001:00019B9C       madMapFile.TMapFile.FindLine
 0001:00019B54       madMapFile.TMapFile.FindPublic
 0001:000198F0       madMapFile.TMapFile.FindPublic
 0001:000197F8       madMapFile.TMapFile.FindPublic
 0001:000196A8       madMapFile.TMapFile.FindSegment
 0001:000197BC       madMapFile.TMapFile.FindSegment
 0001:00015544       madMapFile.TMapFile.Line_NewItem
 0001:00015164       madMapFile.TMapFile.Public_NewItem
 0001:00014EC8       madMapFile.TMapFile.Segment_NewItem
 0001:00014CB8       madMapFile.TMiniStream.Destroy
 0001:00014D48       madMapFile.TMiniStream.Read
 0001:00014CEC       madMapFile.TMiniStream.SetSize
 0001:00014D80       madMapFile.TMiniStream.Write
 0001:00019E10       madMapFile.WritePackedInteger
 0001:00019E68       madMapFile.WritePackedString
 0001:00024654       madNVAssistant..TNVAssistant
 0001:000237C4       madNVAssistant..TNVButton
 0001:00023DCC       madNVAssistant..TNVCheckBox
 0001:00023BBC       madNVAssistant..TNVEdit
 0001:000242B8       madNVAssistant..TNVForm
 0001:00023FB8       madNVAssistant..TNVImage
 0001:00023538       madNVAssistant..TNVItem
 0001:000239A0       madNVAssistant..TNVLabel
 0001:00026C34       madNVAssistant.AddItem
 0001:00024798       madNVAssistant.BooleanValue
 0001:00027510       madNVAssistant.ConvertObject
 0001:00027054       madNVAssistant.ConvertProperty
 0001:00029E74       madNVAssistant.CreateAssistant
 0001:000290EC       madNVAssistant.CreateMainButton
 0001:00028D14       madNVAssistant.CreateMainWindow
 0001:00024880       madNVAssistant.DecCol
 0001:00024B00       madNVAssistant.FillRect
 0001:00024AB8       madNVAssistant.FillRect
 0001:00027B80       madNVAssistant.FindImagePos
 0001:00024974       madNVAssistant.GetFont
 0001:000249F0       madNVAssistant.GetTextExtent
 0003:00002D30       madNVAssistant.HandleContactFormProc
 0003:00002D38       madNVAssistant.HandleExceptionHelper
 0003:00002D34       madNVAssistant.HandleScreenshotFormProc
 0001:0002481C       madNVAssistant.IntegerValue
 0001:00024B34       madNVAssistant.LineRect
 0001:00024C48       madNVAssistant.LineRect
 0001:00029ED0       madNVAssistant.LoadAssistant
 0003:00002D2C       madNVAssistant.OnAssistantCreate
 0001:00028F8C       madNVAssistant.PrepareMainButton
 0001:00026D3C       madNVAssistant.ReadProperty
 0001:00028F1C       madNVAssistant.SelectFont
 0001:00024F10       madNVAssistant.StrToOutputType
 0001:00029BD4       madNVAssistant.TNVAssistant.Create
 0001:00029E6C       madNVAssistant.TNVAssistant.GetData
 0001:00029E44       madNVAssistant.TNVAssistant.GetException
 0001:00029D38       madNVAssistant.TNVAssistant.GetForm
 0001:00029CF8       madNVAssistant.TNVAssistant.GetFormCount
 0001:00029D04       madNVAssistant.TNVAssistant.GetForms
 0001:00029DD0       madNVAssistant.TNVAssistant.GetModalResult
 0001:00029DD8       madNVAssistant.TNVAssistant.GetOnAction
 0001:00029CA8       madNVAssistant.TNVAssistant.GetTitle
 0001:00029E70       madNVAssistant.TNVAssistant.SetData
 0001:00029E58       madNVAssistant.TNVAssistant.SetException
 0001:00029DDC       madNVAssistant.TNVAssistant.SetOnAction
 0001:00029CBC       madNVAssistant.TNVAssistant.SetTitle
 0001:00029DE0       madNVAssistant.TNVAssistant.ShowModal
 0001:00025508       madNVAssistant.TNVButton.Create
 0001:00025A0C       madNVAssistant.TNVButton.GetCaption
 0001:00025A48       madNVAssistant.TNVButton.GetMinWidth
 0001:00025740       madNVAssistant.TNVButton.OwnerDraw
 0001:00025A34       madNVAssistant.TNVButton.SetCaption
 0001:00025554       madNVAssistant.TNVButton.SetProperty
 0001:00025654       madNVAssistant.TNVButton.Show
 0001:000266B4       madNVAssistant.TNVCheckBox.GetCaption
 0001:000266DC       madNVAssistant.TNVCheckBox.GetChecked
 0001:000264A0       madNVAssistant.TNVCheckBox.OwnerDraw
 0001:000266C8       madNVAssistant.TNVCheckBox.SetCaption
 0001:000266E4       madNVAssistant.TNVCheckBox.SetChecked
 0001:0002632C       madNVAssistant.TNVCheckBox.SetProperty
 0001:000263E4       madNVAssistant.TNVCheckBox.Show
 0001:00025FE4       madNVAssistant.TNVEdit.FormPaint
 0001:000262E4       madNVAssistant.TNVEdit.GetColored
 0001:00026114       madNVAssistant.TNVEdit.GetLines
 0001:00026118       madNVAssistant.TNVEdit.GetOptional
 0001:00026134       madNVAssistant.TNVEdit.GetText
 0001:00026300       madNVAssistant.TNVEdit.GetValid
 0001:000260B4       madNVAssistant.TNVEdit.MayEnableContinueButton
 0001:000262EC       madNVAssistant.TNVEdit.SetColored
 0001:00026120       madNVAssistant.TNVEdit.SetOptional
[...]
 0004:00001214       madExcept.WinHttpQueryAuthSchemes
 0004:00001218       madExcept.WinHttpSetCredentials
 0004:0000121C       madExcept.WinHttpQueryDataAvailable
 0004:00001220       madExcept.WinHttpReadData
 0004:00001224       madExcept.WinHttpCloseHandle
 0004:00001228       madExcept.OutOfMemoryInsurance
 0004:00001248       madExcept.OutOfMemoryInsuranceSection
 0004:00001260       madExcept.PatchSection
 0004:00001278       madExcept.PatchList
 0004:0000127C       madExcept.IRList
 0004:00001280       madExcept.CreateRemoteThreadNext
 0004:00001284       madExcept.CreateRemoteThreadExNext
 0004:00001288       madExcept.ShowLeakReportProc
 0004:0000128C       madExcept.HideLeakCallstackProc
 0004:00001290       madListHardware..1
 0004:00001294       madListProcesses..1
 0004:00001298       madListModules..1
 0004:0000129C       Winapi.MsCTF..1
 0004:000012A0       AtendSai.vlPathBPL
 0004:000012A4       AtendSai.vlPathModulos
 0004:000012A8       AtendSai.vlPathDLL
 0004:000012AC       AtendSai.vlForm
 0004:000012B0       AtendSai.Pack
 0004:000012B4       AtendSai.vlVerificaAtualizacao
 0004:000012B8       AtendSai.arquini
 0004:000012BC       AtendSai.vlVersao
 0005:00000000       madExcept.LastInner
 0005:00000004       madExcept.LastExceptObject
 0005:00000008       madExcept.LastExceptAddr
 0005:0000000C       madExcept.LastContext
 0005:000002D8       madExcept.LastExceptionRecord
 0005:00000328       madExcept.LastExceptObject2
 0005:0000032C       madExcept.LastExceptAddr2
 0005:00000330       madExcept.LastContext2
 0005:000005FC       madExcept.IgnoreException
 0005:00000600       madExcept.isapiBugReport
 0005:00000604       madExcept.isapiExceptAddr
 0005:00000608       SysInit.TlsLast


Line numbers for SysInit(SysInit.pas) segment .text

   387 0001:00000448   388 0001:0000044B   389 0001:00000454   392 0001:00000458
   415 0001:00000460   419 0001:00000468   422 0001:00000470   431 0001:00000478
   434 0001:00000480   449 0001:00000488   464 0001:00000490   466 0001:00000498
   467 0001:000004A0   545 0001:000004A8   546 0001:000004B0   672 0001:000004B4
   676 0001:000004B9   683 0001:000004BC   684 0001:000004BD   685 0001:000004C4
   689 0001:000004C8   690 0001:000004D1   691 0001:000004DB   692 0001:000004E2
   693 0001:000004E6   695 0001:000004F2   696 0001:000004FE   779 0001:00000500
   780 0001:00000506   781 0001:0000050B   782 0001:0000050D   783 0001:0000050F
   784 0001:00000516   785 0001:00000519   788 0001:0000051A   789 0001:0000051F
   790 0001:00000524   791 0001:00000525   792 0001:0000052A   793 0001:0000052C
   794 0001:0000052E   797 0001:0000052F   798 0001:00000534   801 0001:00000535
   802 0001:00000536   803 0001:0000053B   804 0001:0000053D   805 0001:0000053F
   844 0001:00000540   845 0001:0000054A   941 0001:0000054C   950 0001:00000550
   951 0001:00000553   952 0001:00000567   953 0001:0000057B   954 0001:0000058F
   955 0001:000005A3   956 0001:000005B7   957 0001:000005CB   958 0001:000005DF
   959 0001:000005F3   960 0001:00000607   961 0001:0000061B   962 0001:0000062F
   963 0001:00000643   964 0001:00000657   965 0001:0000066B   966 0001:0000067F
   967 0001:00000693   968 0001:000006A7   969 0001:000006BB   970 0001:000006CF
   971 0001:000006E3   972 0001:000006F7   973 0001:0000070B   974 0001:0000071F
   975 0001:00000733   976 0001:00000747   977 0001:0000075B   978 0001:0000076F
   979 0001:00000783   980 0001:00000797   981 0001:000007AB   982 0001:000007BF
   983 0001:000007D3   984 0001:000007E7   985 0001:000007FB   986 0001:0000080F
   987 0001:00000823   988 0001:00000837   989 0001:0000084B   990 0001:0000085F
   991 0001:00000873   992 0001:00000887   993 0001:0000089B   994 0001:000008AF
   995 0001:000008C3   996 0001:000008D7   997 0001:000008EB   998 0001:000008FF
   999 0001:00000913  1000 0001:00000927  1002 0001:0000093B  1142 0001:00000940
  1143 0001:00000947  1144 0001:0000094C  1145 0001:0000095A  1150 0001:000009E6
  1155 0001:00000A65  1472 0001:00000A6C  1473 0001:00000A6F  1474 0001:00000A76
  1475 0001:00000A82  1476 0001:00000A8C  1477 0001:00000A93  1478 0001:00000A9A
  1482 0001:00000AA2  1483 0001:00000AA7  1484 0001:00000AB3

Line numbers for SysInit(C:\Builds\tp\runtime\rtl\sys\delayhlp.cpp) segment .text

   223 0001:00000AB8   231 0001:00000ABE   223 0001:00000AC3   231 0001:00000AC6
   223 0001:00000AC9   231 0001:00000ACC   242 0001:00000B2B   231 0001:00000B2E
   242 0001:00000B31   253 0001:00000B4E   254 0001:00000B54   256 0001:00000B63
   262 0001:00000B75   265 0001:00000B7C   271 0001:00000B7F   265 0001:00000B87
   271 0001:00000B89   272 0001:00000B94   274 0001:00000B97   276 0001:00000B9F
   278 0001:00000BAC   279 0001:00000BB0   280 0001:00000BBF   282 0001:00000BC1
   288 0001:00000BCC   290 0001:00000BCE   291 0001:00000BD7   293 0001:00000BE5
   294 0001:00000BE9   300 0001:00000BEE   301 0001:00000BF6   302 0001:00000BFF
   304 0001:00000C0D   305 0001:00000C11   307 0001:00000C1C   308 0001:00000C20
   309 0001:00000C28   314 0001:00000C31   317 0001:00000C3F   318 0001:00000C43
   320 0001:00000C51   331 0001:00000C63   339 0001:00000C6B   340 0001:00000C75
   342 0001:00000C79   345 0001:00000C7F   347 0001:00000CAA   349 0001:00000CAC
   356 0001:00000CB2   357 0001:00000CB5   358 0001:00000CBE   360 0001:00000CCC
   361 0001:00000CD0   364 0001:00000CDC   366 0001:00000CE1   373 0001:00000D00
   374 0001:00000D09   375 0001:00000D0D   380 0001:00000D0F   383 0001:00000D1B
   384 0001:00000D1F   385 0001:00000D27   389 0001:00000D30   391 0001:00000D3E
   392 0001:00000D42   394 0001:00000D50   405 0001:00000D62   410 0001:00000D65
   413 0001:00000D6A   414 0001:00000D73   415 0001:00000D78   416 0001:00000D7B
   417 0001:00000D7E   419 0001:00000D8A   420 0001:00000D8C   424 0001:00000D98
   426 0001:00000D9E   424 0001:00000DA0   426 0001:00000DA6   429 0001:00000DA9
   431 0001:00000DBB   432 0001:00000DC9   433 0001:00000DD8   439 0001:00000DE2
   440 0001:00000DE4   439 0001:00000DE6   440 0001:00000DE9   443 0001:00000E0D
   444 0001:00000E1A   445 0001:00000E1D   446 0001:00000E2A   448 0001:00000E32
   452 0001:00000E63   453 0001:00000E6C   455 0001:00000E73   457 0001:00000E86
   460 0001:00000E8D   461 0001:00000E91   464 0001:00000E9C   465 0001:00000E9F
   469 0001:00000EA8   471 0001:00000EAD   469 0001:00000EB2   471 0001:00000EB3
   469 0001:00000EB9   470 0001:00000EBA   475 0001:00000EC1   478 0001:00000ECE
   490 0001:00000EDF   491 0001:00000EE8   492 0001:00000EF1   495 0001:00000F11
   500 0001:00000F13   484 0001:00000F16   503 0001:00000F1D   508 0001:00000F23
   509 0001:00000F2F   510 0001:00000F36   512 0001:00000F3D   513 0001:00000F41
   512 0001:00000F48   518 0001:00000F4F   521 0001:00000F54   522 0001:00000F57
   536 0001:00000F60   537 0001:00000F67

Line numbers for SysInit(SysInit.pas) segment .text

  1703 0001:00001080  1705 0001:0000108D

Line numbers for SysInit(SysInit.pas) segment .itext

  1701 0002:00000008  1702 0002:0000000F

Line numbers for Winapi.Windows(Winapi.Windows.pas) segment .text

 36318 0001:000017F4 36324 0001:000017FC 36325 0001:00001800 36327 0001:00001828
 36368 0001:00001830 36402 0001:00001838 36404 0001:00001840 36405 0001:00001848
 36410 0001:00001850 36471 0001:00001858 36484 0001:00001860 36492 0001:00001868
 36493 0001:00001870 36534 0001:00001878 36535 0001:00001880 36540 0001:00001888
 36555 0001:00001890 36556 0001:00001898 36558 0001:000018A0 36567 0001:000018A8
 36568 0001:000018B0 36601 0001:000018B8 36602 0001:000018C0 36621 0001:000018C8
 36647 0001:000018D0 36675 0001:000018D8 36706 0001:000018E0 36709 0001:000018E8
 36717 0001:000018F0 36718 0001:000018F8 36725 0001:00001900 36726 0001:00001908
 36734 0001:00001910 36735 0001:00001918 36739 0001:00001920 36740 0001:00001928
 36741 0001:00001930 36758 0001:00001938 36761 0001:00001940 36762 0001:00001943
 36763 0001:0000195B 36767 0001:00001960 36770 0001:00001968 36771 0001:0000196B
 36772 0001:00001983 36787 0001:00001988 36789 0001:00001990 36790 0001:00001998
 36800 0001:000019A0 36828 0001:000019A8 36831 0001:000019B0 36832 0001:000019B8
 36854 0001:000019C0 36859 0001:000019C8 36913 0001:000019D0 36914 0001:000019D8
 36916 0001:000019E0 36917 0001:000019E8 36922 0001:000019F0 36925 0001:000019F8
 36926 0001:00001A00 36927 0001:00001A04 36930 0001:00001A0C 36931 0001:00001A13
 36932 0001:00001A14 36935 0001:00001A1C 36936 0001:00001A23 36944 0001:00001A24
 36954 0001:00001A2C 36957 0001:00001A34 36960 0001:00001A3C 36961 0001:00001A44
 36969 0001:00001A4C 36970 0001:00001A54 36971 0001:00001A5C 36990 0001:00001A64
 36996 0001:00001A6C 36997 0001:00001A74 37002 0001:00001A7C 37192 0001:00001A84
 37193 0001:00001A87 37194 0001:00001A94 37254 0001:00001A98 37255 0001:00001A9B
 37256 0001:00001AAA 37327 0001:00001AB0 37348 0001:00001AB8 37349 0001:00001AC0
 37363 0001:00001AC8 37364 0001:00001AD0 37381 0001:00001AD8 37382 0001:00001AE0
 37383 0001:00001AE8 37384 0001:00001AF0 37387 0001:00001AF8 37388 0001:00001B00
 37400 0001:00001B08 37447 0001:00001B10 37448 0001:00001B18 37458 0001:00001B20
 37460 0001:00001B28 37473 0001:00001B30 37474 0001:00001B38 37476 0001:00001B40
 37477 0001:00001B48 37489 0001:00001B50 37490 0001:00001B58 37491 0001:00001B60
 37492 0001:00001B68 37493 0001:00001B70 37508 0001:00001B78 37521 0001:00001B80
 37523 0001:00001B88 37524 0001:00001BA9 37525 0001:00001BB0 37527 0001:00001BBC
 37528 0001:00001C08 37583 0001:00001C30 37591 0001:00001C38 37601 0001:00001C40
 37602 0001:00001C48 37603 0001:00001C50 37609 0001:00001C58 37611 0001:00001C60
 37616 0001:00001C68 37638 0001:00001C70 37639 0001:00001C78 37640 0001:00001C80
 37641 0001:00001C88 37685 0001:00001C90 37690 0001:00001C98 37698 0001:00001CA0
 37702 0001:00001CA8 37704 0001:00001CB0 37710 0001:00001CB8 37727 0001:00001CC0
 37743 0001:00001CC8 37769 0001:00001CD0 37773 0001:00001CD8 37776 0001:00001CE0
 37777 0001:00001CE8 37778 0001:00001CF0 37796 0001:00001CF8 37798 0001:00001D00
 37808 0001:00001D08 37813 0001:00001D10 37818 0001:00001D18 37820 0001:00001D20
 37844 0001:00001D28 37845 0001:00001D30 37854 0001:00001D38 37884 0001:00001D40
 37885 0001:00001D48 37904 0001:00001D50 37920 0001:00001D58 37922 0001:00001D60
 37928 0001:00001D68 37935 0001:00001D70 37936 0001:00001D78 37940 0001:00001D80
 37942 0001:00001D88 38022 0001:00001D90 38023 0001:00001D98 38027 0001:00001DA0
 38030 0001:00001DA8 38035 0001:00001DB0 38036 0001:00001DB8 38040 0001:00001DC0
 38046 0001:00001DC8 38052 0001:00001DD0 38094 0001:00001DD8 38104 0001:00001DE0
 38113 0001:00001DE8 38115 0001:00001DF0 38122 0001:00001DF8 38125 0001:00001E00
 38128 0001:00001E08 38129 0001:00001E10 38169 0001:00001E18 38185 0001:00001E20
 38188 0001:00001E28 38192 0001:00001E30 38201 0001:00001E38 38211 0001:00001E40
 38243 0001:00001E48 38272 0001:00001E50 38276 0001:00001E58 38285 0001:00001E60
 38355 0001:00001E68 38356 0001:00001E70 38358 0001:00001E78 38359 0001:00001E80
 38367 0001:00001E88 38368 0001:00001E90 38394 0001:00001E98 38404 0001:00001EA0
 38419 0001:00001EA8 38420 0001:00001EB0 38425 0001:00001EB8 38433 0001:00001EC0
 38434 0001:00001EC8 38457 0001:00001ED0 38462 0001:00001ED8 38467 0001:00001EE0
 38470 0001:00001EE8 38473 0001:00001EF0 38478 0001:00001EF8 38479 0001:00001F00
 38555 0001:00001F08 38597 0001:00001F10 38635 0001:00001F18 38651 0001:00001F20
 38652 0001:00001F28 38668 0001:00001F30 38670 0001:00001F38 38691 0001:00001F40
 38693 0001:00001F48 38707 0001:00001F50 38710 0001:00001F58 38766 0001:00001F60
 38767 0001:00001F68 38773 0001:00001F70 38774 0001:00001F78 38791 0001:00001F80
 38806 0001:00001F88 38816 0001:00001F90 38817 0001:00001F98 38818 0001:00001FA0
 38825 0001:00001FA8 38826 0001:00001FB0 38882 0001:00001FB8 38884 0001:00001FC0
 38885 0001:00001FC8 38906 0001:00001FD0 38907 0001:00001FD8 38908 0001:00001FE0
 38957 0001:00001FE8 39009 0001:00001FF0 39010 0001:00001FF8 39018 0001:00002000
 39025 0001:00002008 39045 0001:00002010 39046 0001:00002018 39049 0001:00002020
 39057 0001:00002028 39059 0001:00002030 39078 0001:00002038 39082 0001:00002040
 39086 0001:00002048 39109 0001:00002050 39113 0001:00002058 39115 0001:00002060
 39122 0001:00002068 39130 0001:00002070 39152 0001:00002078 39155 0001:00002080
 39165 0001:00002088 39167 0001:00002090 39169 0001:00002098 39180 0001:000020A0
 39187 0001:000020A8 39196 0001:000020B0 39224 0001:000020B8 39225 0001:000020C0
 39226 0001:000020C8 39232 0001:000020D0 39249 0001:000020D8 39250 0001:000020E0
 39251 0001:000020E8 39252 0001:000020F0 39269 0001:000020F8 39274 0001:00002100
 39275 0001:00002107 39278 0001:00002108 39279 0001:0000210F 39287 0001:00002110
 39289 0001:00002118 39292 0001:00002120 39293 0001:00002128 39297 0001:00002130
 39308 0001:00002138 39316 0001:00002140 39334 0001:00002148 39338 0001:00002150
 39342 0001:00002158 39343 0001:00002160 39344 0001:00002168 39345 0001:00002170
 39347 0001:00002178 39355 0001:00002180 39379 0001:00002188 39380 0001:00002190
 39418 0001:00002198 39419 0001:000021A0 39420 0001:000021A8 39421 0001:000021B0
 39444 0001:000021B8 39445 0001:000021C0 39456 0001:000021C8 39457 0001:000021D0
 39458 0001:000021D8 39459 0001:000021E0 39460 0001:000021E8 39462 0001:000021F0
 39463 0001:000021F8 39464 0001:00002200 39474 0001:00002208 39475 0001:00002210
 39489 0001:00002218 39492 0001:00002220 39493 0001:00002228 39494 0001:00002230
 39500 0001:00002238 39516 0001:00002240 39517 0001:00002248 39518 0001:00002250
 39519 0001:00002258 39520 0001:00002260 39529 0001:00002268 39547 0001:00002270
 39548 0001:00002278 39564 0001:00002280 39566 0001:00002288 39574 0001:00002290
 39575 0001:00002298 39627 0001:000022A0 39635 0001:000022A8 39648 0001:000022B0
 39649 0001:000022B8 39652 0001:000022BC 39653 0001:000022C4 39656 0001:000022C8
 39658 0001:000022D0 39659 0001:000022D8 39685 0001:000022E0 39692 0001:000022E8
 39730 0001:000022F0 39738 0001:000022F8 39779 0001:00002300 39811 0001:00002308
 39812 0001:00002313 39816 0001:00002314 39817 0001:00002317 39877 0001:00002318
 39878 0001:0000231F 39922 0001:00002320 39923 0001:00002322 40157 0001:00002324
 40161 0001:0000232C 40194 0001:00002334 40195 0001:00002342 40196 0001:00002349
 40198 0001:0000237A 40199 0001:00002381 40213 0001:0000238C 40214 0001:0000239A
 40215 0001:000023A1 40217 0001:000023D2 40218 0001:000023D9 40252 0001:000023E4
 40253 0001:000023F2 40254 0001:000023F9 40256 0001:00002428 40257 0001:0000242F
 40271 0001:0000243C 40272 0001:0000244A 40273 0001:00002451 40275 0001:00002480
 40276 0001:00002487 40527 0001:00002494 40528 0001:0000249C 40625 0001:000024A4
 40626 0001:000024AA 40627 0001:000024B1 40630 0001:000024BB 40631 0001:000024C4
 40632 0001:000024CD 40634 0001:000024D6 40892 0001:000024E0 40893 0001:000024FC

Line numbers for Winapi.Windows(Winapi.Windows.pas) segment .itext

 40888 0002:00000018 40889 0002:00000021 40890 0002:00000026 40891 0002:0000002D

Line numbers for Winapi.Messages(Winapi.Messages.pas) segment .text

  2181 0001:00000000

Line numbers for Winapi.PsAPI(Winapi.PsAPI.pas) segment .text

   436 0001:0002A0A8   438 0001:0002A0B9   439 0001:0002A0C4   442 0001:0002A0CB

Line numbers for Winapi.PsAPI(Winapi.PsAPI.pas) segment .itext

   433 0002:000000F4   435 0002:000000FB

Line numbers for Winapi.ActiveX(Winapi.ActiveX.pas) segment .text

  7337 0001:0002A134  7338 0001:0002A13C  7816 0001:0002A13D

Line numbers for Winapi.CommCtrl(Winapi.CommCtrl.pas) segment .text

 10468 0001:0002A140 10496 0001:0002A148 10497 0001:0002A150 13019 0001:0002A156

Line numbers for Winapi.Qos(Winapi.Qos.pas) segment .text

   294 0001:00000000

Line numbers for Winapi.Winsock2(Winapi.Winsock2.pas) segment .text

  3421 0001:00000000

Line numbers for Winapi.IpExport(Winapi.IpExport.pas) segment .text

   446 0001:00000000

Line numbers for Winapi.ShellAPI(Winapi.ShellAPI.pas) segment .text

  1797 0001:0002A158  1798 0001:0002A160  1801 0001:0002A168  1931 0001:0002A16E

Line numbers for Winapi.RegStr(Winapi.RegStr.pas) segment .text

  1878 0001:00000000

Line numbers for Winapi.WinInet(Winapi.WinInet.pas) segment .text

  3464 0001:00000000

Line numbers for Winapi.UrlMon(Winapi.UrlMon.pas) segment .text

  2140 0001:00000000

Line numbers for Winapi.ObjectArray(Winapi.ObjectArray.pas) segment .text

    62 0001:00000000

Line numbers for Winapi.StructuredQueryCondition(Winapi.StructuredQueryCondition.pas) segment .text

   137 0001:00000000

Line numbers for Winapi.PropSys(Winapi.Propsys.pas) segment .text

  1228 0001:00000000

Line numbers for Winapi.ShlObj(Winapi.ShlObj.pas) segment .text

 14860 0001:00000000

Line numbers for Winapi.CommDlg(Winapi.CommDlg.pas) segment .text

  1087 0001:0002A170  1088 0001:0002A178  1104 0001:0002A180  1112 0001:0002A186

Line numbers for Winapi.WinSock(Winapi.WinSock.pas) segment .text

  1150 0001:0002A188  1151 0001:0002A190  1152 0001:0002A198  1157 0001:0002A1A0
  1158 0001:0002A1A8  1160 0001:0002A1B0  1164 0001:0002A1B8  1165 0001:0002A1C0
  1166 0001:0002A1C8  1167 0001:0002A1D0  1168 0001:0002A1D8  1169 0001:0002A1E0
  1171 0001:0002A1E8  1174 0001:0002A1F0  1192 0001:0002A1F8  1196 0001:0002A200
  1197 0001:0002A208  1204 0001:0002A20E

Line numbers for Winapi.Imm(Winapi.Imm.pas) segment .text

   901 0001:00000000

Line numbers for Winapi.TpcShrd(Winapi.TpcShrd.pas) segment .text

   197 0001:00000000

Line numbers for Winapi.MsCTF(Winapi.MsCTF.pas) segment .text

  2239 0001:0006E540  2240 0001:0006E549  2241 0001:0006E55D  2245 0001:0006E580
  2246 0001:0006E589  2247 0001:0006E594  2252 0001:0006E598  2253 0001:0006E5A5

Line numbers for Winapi.MsCTF(Winapi.MsCTF.pas) segment .itext

  2249 0002:00000484  2250 0002:0000048D  2251 0002:00000492

Line numbers for Winapi.Dwmapi(Winapi.DwmApi.pas) segment .text

   561 0001:00000000

Line numbers for System.Win.Crtl(System.Win.Crtl.pas) segment .text

   937 0001:00000000

Line numbers for Winapi.MsInkAut(Winapi.MsInkAut.pas) segment .text

  2778 0001:00000000

Line numbers for Winapi.PenInputPanel(Winapi.PenInputPanel.pas) segment .text

   405 0001:00000000

Line numbers for Winapi.WinSpool(Winapi.WinSpool.pas) segment .text

  3097 0001:00000000

Line numbers for Winapi.RichEdit(Winapi.RichEdit.pas) segment .text

  1348 0001:00000000

Line numbers for Winapi.Dlgs(Winapi.Dlgs.pas) segment .text

   405 0001:00000000

Line numbers for Winapi.ShellScaling(Winapi.ShellScaling.pas) segment .text

   108 0001:00000000

Line numbers for AtendSai(AtendSai.dpr) segment .text

    20 0001:0006E7A8    21 0001:0006E7C7    23 0001:0006E7D8    24 0001:0006E801
    25 0001:0006E80F    26 0001:0006E81F    21 0001:0006E822    27 0001:0006E828
    28 0001:0006E830    29 0001:0006E838    34 0001:0006E85C    35 0001:0006E865
    36 0001:0006E872    37 0001:0006E87A    45 0001:0006E880    46 0001:0006E886
    47 0001:0006E893    50 0001:0006E899    51 0001:0006E8AA    52 0001:0006E8B0
    53 0001:0006E8BA

Line numbers for AtendSai(AtendSai.dpr) segment .itext

    69 0002:00000684    71 0002:000006AD    73 0002:000006B5    74 0002:000006C3
    75 0002:000006EF    76 0002:0000071B    77 0002:00000747    79 0002:00000779
    80 0002:000007B4    84 0002:000007DE    86 0002:000007E8    87 0002:000007F1
    89 0002:00000800    90 0002:0000080F    92 0002:00000818    93 0002:00000826
    94 0002:0000083B    96 0002:00000844    99 0002:00000877   104 0002:00000891
   105 0002:00000896   106 0002:000008AC   107 0002:000008B6   111 0002:000008CF
   113 0002:000008D7

Bound resource files

AtendSai.res
AtendSai.drf


Program entry point at 0002:00000684
